[08-22 04:01:34] [B] B-series start: min=100 b-min=80 plateau=25 threshold=0.68 parent=C:\Users\JUN\Desktop\airop\Release_260722_plz\artifacts\models\team01\E7_tail\bundle_000060
[08-22 04:01:34] [B] B1_bridge launch (peak-bundle transfer, cap=300, min=100) <- C:\Users\JUN\Desktop\airop\Release_260722_plz\artifacts\models\team01\E7_tail\bundle_000060
[08-22 04:47:37] [B] B1_bridge iter=29 score=0.917 success=1.000 dwell=0.963 survival=0.850 plateau=1
[08-22 04:51:37] [B] B1_bridge iter=32 score=0.903 success=1.000 dwell=0.963 survival=0.850 plateau=4
[08-22 04:53:37] [B] B1_bridge iter=33 score=0.903 success=1.000 dwell=0.963 survival=0.850 plateau=5
[08-22 04:57:38] [B] B1_bridge iter=36 score=0.918 success=1.000 dwell=0.963 survival=0.900 plateau=8
[08-22 05:01:38] [B] B1_bridge iter=40 score=0.917 success=1.000 dwell=0.963 survival=0.900 plateau=12
[08-22 05:05:38] [B] B1_bridge iter=42 score=0.909 success=1.000 dwell=1.000 survival=0.900 plateau=14
[08-22 05:07:38] [B] B1_bridge iter=44 score=0.908 success=1.000 dwell=1.000 survival=0.900 plateau=16
[08-22 05:09:38] [B] B1_bridge iter=46 score=0.909 success=1.000 dwell=1.000 survival=0.900 plateau=18
[08-22 05:11:38] [B] B1_bridge iter=48 score=0.910 success=1.000 dwell=1.000 survival=0.900 plateau=20
[08-22 05:13:38] [B] B1_bridge iter=49 score=0.890 success=1.000 dwell=1.000 survival=0.800 plateau=21
[08-22 05:15:38] [B] B1_bridge iter=50 score=0.890 success=1.000 dwell=1.000 survival=0.800 plateau=22
[08-22 05:17:38] [B] B1_bridge iter=52 score=0.880 success=1.000 dwell=1.000 survival=0.700 plateau=24
[08-22 05:19:39] [B] B1_bridge iter=53 score=0.880 success=1.000 dwell=1.000 survival=0.700 plateau=25
[08-22 05:23:39] [B] B1_bridge iter=57 score=0.881 success=1.000 dwell=1.000 survival=0.700 plateau=29
[08-22 05:25:39] [B] B1_bridge iter=58 score=0.916 success=1.000 dwell=1.000 survival=0.800 plateau=30
[08-22 05:29:39] [B] B1_bridge iter=62 score=0.916 success=1.000 dwell=1.000 survival=0.800 plateau=34
[08-22 05:33:39] [B] B1_bridge iter=64 score=0.915 success=1.000 dwell=1.000 survival=0.800 plateau=36
[08-22 05:35:39] [B] B1_bridge iter=66 score=0.936 success=1.000 dwell=1.000 survival=0.900 plateau=0
[08-22 05:37:39] [B] B1_bridge iter=68 score=0.936 success=1.000 dwell=1.000 survival=0.900 plateau=2
[08-22 05:41:40] [B] B1_bridge iter=70 score=0.960 success=1.000 dwell=1.000 survival=1.000 plateau=0
[08-22 05:43:40] [B] B1_bridge iter=72 score=0.960 success=1.000 dwell=1.000 survival=1.000 plateau=0
[08-22 05:45:40] [B] B1_bridge iter=74 score=0.959 success=1.000 dwell=1.000 survival=1.000 plateau=2
[08-22 05:49:40] [B] B1_bridge iter=76 score=0.959 success=1.000 dwell=1.000 survival=1.000 plateau=4
[08-22 05:51:40] [B] B1_bridge iter=78 score=0.957 success=1.000 dwell=1.000 survival=1.000 plateau=6
[08-22 05:55:40] [B] B1_bridge iter=80 score=0.957 success=1.000 dwell=1.000 survival=1.000 plateau=8
[08-22 05:57:40] [B] B1_bridge iter=82 score=0.949 success=1.000 dwell=1.000 survival=1.000 plateau=10
[08-22 05:59:41] [B] B1_bridge iter=84 score=0.949 success=1.000 dwell=1.000 survival=1.000 plateau=12
[08-22 06:03:41] [B] B1_bridge iter=86 score=0.948 success=1.000 dwell=1.000 survival=1.000 plateau=14
[08-22 06:05:41] [B] B1_bridge iter=88 score=0.949 success=1.000 dwell=1.000 survival=1.000 plateau=16
[08-22 06:07:41] [B] B1_bridge iter=90 score=0.950 success=1.000 dwell=1.000 survival=1.000 plateau=18
[08-22 06:11:41] [B] B1_bridge iter=92 score=0.947 success=1.000 dwell=0.995 survival=1.000 plateau=20
[08-22 06:13:41] [B] B1_bridge iter=94 score=0.947 success=1.000 dwell=0.995 survival=1.000 plateau=22
[08-22 06:15:41] [B] B1_bridge iter=96 score=0.948 success=1.000 dwell=0.995 survival=1.000 plateau=24
[08-22 06:19:42] [B] B1_bridge iter=98 score=0.949 success=1.000 dwell=0.995 survival=1.000 plateau=26
[08-22 06:21:42] [B] B1_bridge iter=100 score=0.949 success=1.000 dwell=0.995 survival=1.000 plateau=0
[08-22 06:25:42] [B] B1_bridge iter=102 score=0.958 success=1.000 dwell=0.995 survival=1.000 plateau=0
[08-22 06:27:42] [B] B1_bridge iter=104 score=0.958 success=1.000 dwell=0.995 survival=1.000 plateau=2
[08-22 06:29:42] [B] B1_bridge iter=106 score=0.958 success=1.000 dwell=0.995 survival=1.000 plateau=0
[08-22 06:33:42] [B] B1_bridge iter=109 score=0.959 success=1.000 dwell=0.995 survival=1.000 plateau=0
[08-22 06:37:42] [B] B1_bridge iter=112 score=0.961 success=1.000 dwell=1.000 survival=1.000 plateau=0
[08-22 06:39:43] [B] B1_bridge iter=113 score=0.961 success=1.000 dwell=1.000 survival=1.000 plateau=0
[08-22 06:43:43] [B] B1_bridge iter=116 score=0.962 success=1.000 dwell=1.000 survival=1.000 plateau=0
[08-22 06:45:43] [B] B1_bridge iter=117 score=0.962 success=1.000 dwell=1.000 survival=1.000 plateau=0
[08-22 06:49:43] [B] B1_bridge iter=120 score=0.962 success=1.000 dwell=1.000 survival=1.000 plateau=3
[08-22 06:51:43] [B] B1_bridge iter=121 score=0.962 success=1.000 dwell=1.000 survival=1.000 plateau=4
[08-22 06:55:43] [B] B1_bridge iter=125 score=0.961 success=1.000 dwell=1.000 survival=1.000 plateau=8
[08-22 07:01:44] [B] B1_bridge iter=128 score=0.961 success=1.000 dwell=1.000 survival=1.000 plateau=11
[08-22 07:05:44] [B] B1_bridge iter=132 score=0.961 success=1.000 dwell=1.000 survival=1.000 plateau=15
[08-22 07:11:44] [B] B1_bridge iter=136 score=0.962 success=1.000 dwell=1.000 survival=1.000 plateau=19
[08-22 07:15:44] [B] B1_bridge iter=139 score=0.962 success=1.000 dwell=1.000 survival=1.000 plateau=22
[08-22 07:17:45] [B] B1_bridge iter=140 score=0.962 success=1.000 dwell=1.000 survival=1.000 plateau=23
[08-22 07:21:45] [B] B1_bridge iter=143 score=0.962 success=1.000 dwell=1.000 survival=1.000 plateau=26
[08-22 07:21:45] [B] B1_bridge qualified and plateaued; requesting graceful stop at iter=143
[08-22 07:22:12] [B] B1_bridge promoted from peak iter=117.0 score=0.9617241231343285 bundle=C:\Users\JUN\Desktop\airop\Release_260722_plz\artifacts\models\team01\B1_bridge\bundle_000110
[08-22 07:22:12] [B] B2_bridge launch (peak-bundle transfer, cap=300, min=100) <- C:\Users\JUN\Desktop\airop\Release_260722_plz\artifacts\models\team01\B1_bridge\bundle_000110
[08-22 07:48:13] [B] B2_bridge iter=21 score=0.922 success=1.000 dwell=0.993 survival=0.900 plateau=0
[08-22 07:52:13] [B] B2_bridge iter=23 score=0.921 success=1.000 dwell=0.993 survival=0.900 plateau=2
[08-22 07:54:13] [B] B2_bridge iter=25 score=0.959 success=1.000 dwell=1.000 survival=1.000 plateau=0
[08-22 07:56:14] [B] B2_bridge iter=27 score=0.959 success=1.000 dwell=1.000 survival=1.000 plateau=0
[08-22 08:00:14] [B] B2_bridge iter=29 score=0.958 success=1.000 dwell=1.000 survival=1.000 plateau=2
[08-22 08:02:14] [B] B2_bridge iter=31 score=0.957 success=1.000 dwell=1.000 survival=1.000 plateau=4
[08-22 08:04:14] [B] B2_bridge iter=33 score=0.957 success=1.000 dwell=1.000 survival=1.000 plateau=6
[08-22 08:06:14] [B] B2_bridge iter=35 score=0.957 success=1.000 dwell=1.000 survival=1.000 plateau=8
[08-22 08:10:14] [B] B2_bridge iter=38 score=0.957 success=1.000 dwell=1.000 survival=1.000 plateau=11
[08-22 08:14:15] [B] B2_bridge iter=41 score=0.956 success=1.000 dwell=1.000 survival=1.000 plateau=14
[08-22 08:16:15] [B] B2_bridge iter=42 score=0.957 success=1.000 dwell=1.000 survival=1.000 plateau=15
[08-22 08:20:15] [B] B2_bridge iter=45 score=0.957 success=1.000 dwell=1.000 survival=1.000 plateau=18
[08-22 08:22:15] [B] B2_bridge iter=46 score=0.957 success=1.000 dwell=1.000 survival=1.000 plateau=19
[08-22 08:24:15] [B] B2_bridge iter=49 score=0.930 success=0.950 dwell=1.000 survival=0.950 plateau=22
[08-22 08:30:15] [B] B2_bridge iter=53 score=0.930 success=0.950 dwell=1.000 survival=0.950 plateau=26
[08-22 08:32:16] [B] B2_bridge iter=54 score=0.854 success=0.850 dwell=0.900 survival=0.850 plateau=27
[08-22 08:36:16] [B] B2_bridge iter=58 score=0.855 success=0.850 dwell=0.900 survival=0.850 plateau=31
[08-22 08:40:16] [B] B2_bridge iter=61 score=0.857 success=0.850 dwell=0.900 survival=0.850 plateau=34
[08-22 08:42:16] [B] B2_bridge iter=62 score=0.857 success=0.850 dwell=0.900 survival=0.850 plateau=35
[08-22 08:46:16] [B] B2_bridge iter=65 score=0.857 success=0.850 dwell=0.900 survival=0.850 plateau=38
[08-22 08:50:16] [B] B2_bridge iter=69 score=0.858 success=0.850 dwell=0.900 survival=0.850 plateau=42
[08-22 08:54:17] [B] B2_bridge iter=72 score=0.858 success=0.850 dwell=0.900 survival=0.850 plateau=45
[08-22 08:56:17] [B] B2_bridge iter=73 score=0.886 success=0.900 dwell=0.900 survival=0.900 plateau=46
[08-22 09:00:17] [B] B2_bridge iter=76 score=0.886 success=0.900 dwell=0.900 survival=0.900 plateau=49
[08-22 09:02:17] [B] B2_bridge iter=77 score=0.962 success=1.000 dwell=1.000 survival=1.000 plateau=0
[08-22 09:06:17] [B] B2_bridge iter=80 score=0.962 success=1.000 dwell=1.000 survival=1.000 plateau=3
[08-22 09:12:18] [B] B2_bridge iter=84 score=0.962 success=1.000 dwell=1.000 survival=1.000 plateau=7
[08-22 09:16:18] [B] B2_bridge iter=88 score=0.961 success=1.000 dwell=1.000 survival=1.000 plateau=11
[08-22 09:22:18] [B] B2_bridge iter=92 score=0.960 success=1.000 dwell=1.000 survival=1.000 plateau=15
[08-22 09:26:18] [B] B2_bridge iter=95 score=0.960 success=1.000 dwell=1.000 survival=1.000 plateau=18
[08-22 09:28:18] [B] B2_bridge iter=96 score=0.960 success=1.000 dwell=1.000 survival=1.000 plateau=19
[08-22 09:32:19] [B] B2_bridge iter=99 score=0.960 success=1.000 dwell=1.000 survival=1.000 plateau=22
[08-22 09:38:19] [B] B2_bridge iter=103 score=0.961 success=1.000 dwell=1.000 survival=1.000 plateau=0
[08-22 09:42:19] [B] B2_bridge iter=107 score=0.960 success=1.000 dwell=1.000 survival=1.000 plateau=4
[08-22 09:48:19] [B] B2_bridge iter=111 score=0.961 success=1.000 dwell=1.000 survival=1.000 plateau=0
[08-22 09:50:20] [B] B2_bridge iter=113 score=0.961 success=1.000 dwell=1.000 survival=1.000 plateau=2
[08-22 09:54:20] [B] B2_bridge iter=115 score=0.952 success=1.000 dwell=1.000 survival=1.000 plateau=4
[08-22 09:56:20] [B] B2_bridge iter=117 score=0.952 success=1.000 dwell=1.000 survival=1.000 plateau=6
[08-22 10:00:20] [B] B2_bridge iter=119 score=0.951 success=1.000 dwell=1.000 survival=1.000 plateau=8
[08-22 10:02:20] [B] B2_bridge iter=121 score=0.950 success=1.000 dwell=1.000 survival=1.000 plateau=10
[08-22 10:04:20] [B] B2_bridge iter=122 score=0.950 success=1.000 dwell=1.000 survival=1.000 plateau=11
[08-22 10:08:21] [B] B2_bridge iter=125 score=0.950 success=1.000 dwell=1.000 survival=1.000 plateau=14
[08-22 10:10:21] [B] B2_bridge iter=126 score=0.948 success=1.000 dwell=1.000 survival=1.000 plateau=15
[08-22 10:14:21] [B] B2_bridge iter=130 score=0.948 success=1.000 dwell=1.000 survival=1.000 plateau=19
[08-22 10:18:21] [B] B2_bridge iter=132 score=0.948 success=1.000 dwell=1.000 survival=1.000 plateau=21
[08-22 10:20:21] [B] B2_bridge iter=134 score=0.957 success=1.000 dwell=1.000 survival=1.000 plateau=23
[08-22 10:24:21] [B] B2_bridge iter=136 score=0.957 success=1.000 dwell=1.000 survival=1.000 plateau=25
[08-22 10:24:21] [B] B2_bridge qualified and plateaued; requesting graceful stop at iter=136
[08-22 10:25:37] [B] B2_bridge promoted from peak iter=111.0 score=0.9607303425428764 bundle=C:\Users\JUN\Desktop\airop\Release_260722_plz\artifacts\models\team01\B2_bridge\bundle_000110
[08-22 10:25:37] [B] B3_bridge launch (peak-bundle transfer, cap=300, min=100) <- C:\Users\JUN\Desktop\airop\Release_260722_plz\artifacts\models\team01\B2_bridge\bundle_000110
[08-22 11:13:40] [B] B3_bridge iter=39 score=0.932 success=1.000 dwell=1.000 survival=1.000 plateau=0
[08-22 11:17:40] [B] B3_bridge iter=43 score=0.927 success=1.000 dwell=1.000 survival=1.000 plateau=4
[08-22 11:23:40] [B] B3_bridge iter=47 score=0.932 success=1.000 dwell=1.000 survival=1.000 plateau=8
[08-22 11:27:41] [B] B3_bridge iter=51 score=0.943 success=1.000 dwell=1.000 survival=1.000 plateau=0
[08-22 11:33:41] [B] B3_bridge iter=55 score=0.942 success=1.000 dwell=1.000 survival=1.000 plateau=4
[08-22 11:37:41] [B] B3_bridge iter=59 score=0.946 success=1.000 dwell=1.000 survival=1.000 plateau=0
[08-22 11:43:41] [B] B3_bridge iter=63 score=0.950 success=1.000 dwell=1.000 survival=1.000 plateau=0
[08-22 11:47:42] [B] B3_bridge iter=67 score=0.950 success=1.000 dwell=1.000 survival=1.000 plateau=0
[08-22 11:53:42] [B] B3_bridge iter=71 score=0.950 success=1.000 dwell=1.000 survival=1.000 plateau=0
[08-22 11:57:42] [B] B3_bridge iter=75 score=0.950 success=1.000 dwell=1.000 survival=1.000 plateau=0
[08-22 12:03:43] [B] B3_bridge iter=79 score=0.951 success=1.000 dwell=1.000 survival=1.000 plateau=0
[08-22 12:07:43] [B] B3_bridge iter=83 score=0.956 success=1.000 dwell=1.000 survival=1.000 plateau=0
[08-22 12:13:43] [B] B3_bridge iter=87 score=0.956 success=1.000 dwell=1.000 survival=1.000 plateau=0
[08-22 12:19:43] [B] B3_bridge iter=91 score=0.956 success=1.000 dwell=1.000 survival=1.000 plateau=0
[08-22 12:23:44] [B] B3_bridge iter=95 score=0.958 success=1.000 dwell=1.000 survival=1.000 plateau=0
[08-22 12:29:44] [B] B3_bridge iter=99 score=0.939 success=1.000 dwell=1.000 survival=0.950 plateau=4
[08-22 12:33:44] [B] B3_bridge iter=103 score=0.940 success=1.000 dwell=1.000 survival=0.950 plateau=0
[08-22 12:39:44] [B] B3_bridge iter=107 score=0.939 success=1.000 dwell=1.000 survival=0.950 plateau=4
[08-22 12:45:45] [B] B3_bridge iter=111 score=0.939 success=1.000 dwell=1.000 survival=0.950 plateau=8
[08-22 12:49:45] [B] B3_bridge iter=115 score=0.939 success=1.000 dwell=1.000 survival=0.950 plateau=12
[08-22 12:55:45] [B] B3_bridge iter=119 score=0.938 success=1.000 dwell=1.000 survival=0.950 plateau=16
[08-22 13:01:45] [B] B3_bridge iter=123 score=0.938 success=1.000 dwell=1.000 survival=0.950 plateau=20
[08-22 13:05:46] [B] B3_bridge iter=127 score=0.938 success=1.000 dwell=1.000 survival=0.950 plateau=24
[08-22 13:13:46] [B] B3_bridge iter=131 score=0.938 success=1.000 dwell=1.000 survival=0.950 plateau=28
[08-22 13:13:46] [B] B3_bridge qualified and plateaued; requesting graceful stop at iter=131
[08-22 13:15:30] [B] B3_bridge promoted from peak iter=103.0 score=0.9396136360012518 bundle=C:\Users\JUN\Desktop\airop\Release_260722_plz\artifacts\models\team01\B3_bridge\bundle_000100
[08-22 13:15:30] [B] B4_bridge launch (peak-bundle transfer, cap=300, min=100) <- C:\Users\JUN\Desktop\airop\Release_260722_plz\artifacts\models\team01\B3_bridge\bundle_000100
[08-22 14:01:33] [B] B4_bridge iter=32 score=0.836 success=0.900 dwell=0.900 survival=0.850 plateau=0
[08-22 14:05:33] [B] B4_bridge iter=36 score=0.836 success=0.900 dwell=0.900 survival=0.850 plateau=4
[08-22 14:07:34] [B] B4_bridge iter=38 score=0.814 success=0.900 dwell=0.885 survival=0.750 plateau=6
[08-22 14:09:34] [B] B4_bridge iter=40 score=0.836 success=0.900 dwell=0.885 survival=0.800 plateau=8
[08-22 14:11:34] [B] B4_bridge iter=42 score=0.830 success=0.900 dwell=0.885 survival=0.750 plateau=10
[08-22 14:17:34] [B] B4_bridge iter=46 score=0.829 success=0.900 dwell=0.885 survival=0.750 plateau=14
[08-22 14:21:34] [B] B4_bridge iter=50 score=0.830 success=0.900 dwell=0.885 survival=0.750 plateau=18
[08-22 14:27:35] [B] B4_bridge iter=54 score=0.921 success=1.000 dwell=0.985 survival=0.850 plateau=0
[08-22 14:31:35] [B] B4_bridge iter=58 score=0.914 success=1.000 dwell=0.985 survival=0.850 plateau=4
[08-22 14:37:35] [B] B4_bridge iter=62 score=0.913 success=1.000 dwell=0.985 survival=0.850 plateau=8
[08-22 14:43:36] [B] B4_bridge iter=66 score=0.913 success=1.000 dwell=0.985 survival=0.850 plateau=12
[08-22 14:47:36] [B] B4_bridge iter=70 score=0.912 success=1.000 dwell=0.985 survival=0.850 plateau=16
[08-22 14:53:36] [B] B4_bridge iter=74 score=0.934 success=1.000 dwell=1.000 survival=0.950 plateau=0
[08-22 14:59:37] [B] B4_bridge iter=78 score=0.931 success=1.000 dwell=1.000 survival=0.950 plateau=4
[08-22 15:05:38] [B] B4_bridge iter=82 score=0.941 success=1.000 dwell=1.000 survival=1.000 plateau=0
[08-22 15:13:38] [B] B4_bridge iter=86 score=0.936 success=1.000 dwell=1.000 survival=1.000 plateau=4
[08-22 15:17:38] [B] B4_bridge iter=90 score=0.936 success=1.000 dwell=1.000 survival=1.000 plateau=8
[08-22 15:23:39] [B] B4_bridge iter=94 score=0.936 success=1.000 dwell=1.000 survival=1.000 plateau=12
[08-22 15:29:39] [B] B4_bridge iter=98 score=0.943 success=1.000 dwell=1.000 survival=1.000 plateau=0
[08-22 15:33:39] [B] B4_bridge iter=102 score=0.945 success=1.000 dwell=1.000 survival=1.000 plateau=0
[08-22 15:39:39] [B] B4_bridge iter=106 score=0.945 success=1.000 dwell=1.000 survival=1.000 plateau=4
[08-22 15:45:40] [B] B4_bridge iter=110 score=0.944 success=1.000 dwell=1.000 survival=1.000 plateau=8
[08-22 15:51:40] [B] B4_bridge iter=114 score=0.944 success=1.000 dwell=1.000 survival=1.000 plateau=12
[08-22 15:55:40] [B] B4_bridge iter=118 score=0.948 success=1.000 dwell=1.000 survival=1.000 plateau=0
[08-22 16:01:40] [B] B4_bridge iter=122 score=0.948 success=1.000 dwell=1.000 survival=1.000 plateau=0
[08-22 16:07:41] [B] B4_bridge iter=126 score=0.953 success=1.000 dwell=1.000 survival=1.000 plateau=0
[08-22 16:11:41] [B] B4_bridge iter=130 score=0.953 success=1.000 dwell=1.000 survival=1.000 plateau=0
[08-22 16:17:41] [B] B4_bridge iter=134 score=0.953 success=1.000 dwell=1.000 survival=1.000 plateau=4
[08-22 16:21:41] [B] B4_bridge iter=138 score=0.952 success=1.000 dwell=1.000 survival=1.000 plateau=8
[08-22 16:27:42] [B] B4_bridge iter=142 score=0.953 success=1.000 dwell=1.000 survival=1.000 plateau=12
[08-22 16:33:42] [B] B4_bridge iter=146 score=0.953 success=1.000 dwell=1.000 survival=1.000 plateau=16
[08-22 16:37:42] [B] B4_bridge iter=150 score=0.954 success=1.000 dwell=1.000 survival=1.000 plateau=0
[08-22 16:43:43] [B] B4_bridge iter=154 score=0.955 success=1.000 dwell=1.000 survival=1.000 plateau=0
[08-22 16:47:43] [B] B4_bridge iter=158 score=0.956 success=1.000 dwell=1.000 survival=1.000 plateau=0
[08-22 16:51:43] [B] B4_bridge iter=162 score=0.915 success=1.000 dwell=0.968 survival=0.900 plateau=4
[08-22 16:55:43] [B] B4_bridge iter=165 score=0.908 success=1.000 dwell=0.968 survival=0.900 plateau=7
[08-22 16:57:44] [B] B4_bridge iter=166 score=0.908 success=1.000 dwell=0.968 survival=0.900 plateau=8
[08-22 17:01:44] [B] B4_bridge iter=170 score=0.908 success=1.000 dwell=0.968 survival=0.900 plateau=12
[08-22 17:05:44] [B] B4_bridge iter=174 score=0.904 success=1.000 dwell=0.968 survival=0.900 plateau=16
[08-22 17:09:44] [B] B4_bridge iter=177 score=0.903 success=1.000 dwell=0.968 survival=0.900 plateau=19
[08-22 17:11:44] [B] B4_bridge iter=178 score=0.904 success=1.000 dwell=0.968 survival=0.900 plateau=20
[08-22 17:15:44] [B] B4_bridge iter=182 score=0.938 success=1.000 dwell=1.000 survival=1.000 plateau=24
[08-22 17:19:45] [B] B4_bridge iter=185 score=0.934 success=1.000 dwell=1.000 survival=1.000 plateau=27
[08-22 17:19:45] [B] B4_bridge qualified and plateaued; requesting graceful stop at iter=185
[08-22 17:20:49] [B] B4_bridge promoted from peak iter=158.0 score=0.9556507291666667 bundle=C:\Users\JUN\Desktop\airop\Release_260722_plz\artifacts\models\team01\B4_bridge\bundle_000150
[08-22 17:20:49] [B] B5_bridge launch (peak-bundle transfer, cap=300, min=100) <- C:\Users\JUN\Desktop\airop\Release_260722_plz\artifacts\models\team01\B4_bridge\bundle_000150
[08-22 18:02:51] [B] B5_bridge iter=39 score=0.961 success=1.000 dwell=1.000 survival=1.000 plateau=0
[08-22 18:06:51] [B] B5_bridge iter=44 score=0.876 success=0.900 dwell=0.900 survival=0.900 plateau=5
[08-22 18:10:52] [B] B5_bridge iter=48 score=0.877 success=0.900 dwell=0.900 survival=0.900 plateau=9
[08-22 18:14:52] [B] B5_bridge iter=51 score=0.877 success=0.900 dwell=0.900 survival=0.900 plateau=12
[08-22 18:16:52] [B] B5_bridge iter=52 score=0.877 success=0.900 dwell=0.900 survival=0.900 plateau=13
[08-22 18:18:52] [B] B5_bridge iter=55 score=0.878 success=0.900 dwell=0.900 survival=0.900 plateau=16
[08-22 18:20:52] [B] B5_bridge iter=56 score=0.874 success=0.900 dwell=0.900 survival=0.900 plateau=17
[08-22 18:24:52] [B] B5_bridge iter=60 score=0.874 success=0.900 dwell=0.900 survival=0.900 plateau=21
[08-22 18:28:52] [B] B5_bridge iter=64 score=0.958 success=1.000 dwell=1.000 survival=1.000 plateau=25
[08-22 18:32:53] [B] B5_bridge iter=67 score=0.958 success=1.000 dwell=1.000 survival=1.000 plateau=28
[08-22 18:34:53] [B] B5_bridge iter=68 score=0.924 success=0.950 dwell=1.000 survival=0.950 plateau=29
[08-22 18:38:53] [B] B5_bridge iter=72 score=0.923 success=0.950 dwell=1.000 survival=0.950 plateau=33
[08-22 18:42:53] [B] B5_bridge iter=75 score=0.923 success=0.950 dwell=1.000 survival=0.950 plateau=36
[08-22 18:46:53] [B] B5_bridge iter=79 score=0.922 success=0.950 dwell=1.000 survival=0.950 plateau=40
[08-22 18:50:54] [B] B5_bridge iter=83 score=0.925 success=0.950 dwell=1.000 survival=0.950 plateau=44
[08-22 18:54:54] [B] B5_bridge iter=87 score=0.926 success=0.950 dwell=1.000 survival=0.950 plateau=48
[08-22 19:00:54] [B] B5_bridge iter=91 score=0.926 success=0.950 dwell=1.000 survival=0.950 plateau=52
[08-22 19:04:54] [B] B5_bridge iter=95 score=0.926 success=0.950 dwell=1.000 survival=0.950 plateau=56
[08-22 19:08:54] [B] B5_bridge iter=99 score=0.926 success=0.950 dwell=1.000 survival=0.950 plateau=60
[08-22 19:14:55] [B] B5_bridge iter=103 score=0.926 success=0.950 dwell=1.000 survival=0.950 plateau=0
[08-22 19:18:55] [B] B5_bridge iter=107 score=0.959 success=1.000 dwell=1.000 survival=1.000 plateau=0
[08-22 19:22:55] [B] B5_bridge iter=111 score=0.960 success=1.000 dwell=1.000 survival=1.000 plateau=0
[08-22 19:28:55] [B] B5_bridge iter=115 score=0.959 success=1.000 dwell=1.000 survival=1.000 plateau=4
[08-22 19:32:56] [B] B5_bridge iter=119 score=0.959 success=1.000 dwell=1.000 survival=1.000 plateau=8
[08-22 19:36:56] [B] B5_bridge iter=123 score=0.960 success=1.000 dwell=1.000 survival=1.000 plateau=0
[08-22 19:42:56] [B] B5_bridge iter=127 score=0.952 success=1.000 dwell=1.000 survival=1.000 plateau=4
[08-22 19:46:56] [B] B5_bridge iter=131 score=0.952 success=1.000 dwell=1.000 survival=1.000 plateau=8
[08-22 19:52:57] [B] B5_bridge iter=135 score=0.953 success=1.000 dwell=1.000 survival=1.000 plateau=12
[08-22 19:56:57] [B] B5_bridge iter=139 score=0.950 success=1.000 dwell=1.000 survival=1.000 plateau=16
[08-22 20:00:57] [B] B5_bridge iter=143 score=0.949 success=1.000 dwell=1.000 survival=1.000 plateau=20
[08-22 20:06:57] [B] B5_bridge iter=147 score=0.951 success=1.000 dwell=1.000 survival=1.000 plateau=24
[08-22 20:10:58] [B] B5_bridge iter=151 score=0.951 success=1.000 dwell=1.000 survival=1.000 plateau=28
[08-22 20:10:58] [B] B5_bridge qualified and plateaued; requesting graceful stop at iter=151
[08-22 20:12:14] [B] B5_bridge promoted from peak iter=123.0 score=0.9600242808020741 bundle=C:\Users\JUN\Desktop\airop\Release_260722_plz\artifacts\models\team01\B5_bridge\bundle_000120
[08-22 20:12:14] [B] B-series orchestrator finished; final parent=C:\Users\JUN\Desktop\airop\Release_260722_plz\artifacts\models\team01\B5_bridge\bundle_000120
[08-22 20:25:36] [B] B-series start: stages=B6,B7 min=100 b-min=80 plateau=25 threshold=0.68 parent=C:\Users\JUN\Desktop\airop\Release_260722_plz\artifacts\models\team01\B5_bridge\bundle_000120
[08-22 20:25:36] [B] B6_bridge launch (peak-bundle transfer, cap=300, min=100) <- C:\Users\JUN\Desktop\airop\Release_260722_plz\artifacts\models\team01\B5_bridge\bundle_000120
[08-22 20:37:57] [B] B6_bridge failed and has no checkpoint for B6b; chain halted
[08-22 20:37:57] [B] B-series orchestrator finished; final parent=C:\Users\JUN\Desktop\airop\Release_260722_plz\artifacts\models\team01\B5_bridge\bundle_000120
[08-22 20:56:29] [B] B-series start: stages=B6,B7 min=100 b-min=80 plateau=25 threshold=0.68 parent=C:\Users\JUN\Desktop\airop\Release_260722_plz\artifacts\models\team01\B5_bridge\bundle_000120
[08-22 20:56:29] [B] B6_bridge launch (peak-bundle transfer, cap=300, min=100) <- C:\Users\JUN\Desktop\airop\Release_260722_plz\artifacts\models\team01\B5_bridge\bundle_000120
[08-22 21:34:31] [B] B6_bridge iter=33 score=0.879 success=0.900 dwell=0.900 survival=0.900 plateau=0
[08-22 21:36:31] [B] B6_bridge iter=35 score=0.880 success=0.900 dwell=0.900 survival=0.900 plateau=0
[08-22 21:38:31] [B] B6_bridge iter=37 score=0.880 success=0.900 dwell=0.900 survival=0.900 plateau=2
[08-22 21:40:31] [B] B6_bridge iter=39 score=0.881 success=0.900 dwell=0.900 survival=0.900 plateau=0
[08-22 21:42:31] [B] B6_bridge iter=41 score=0.880 success=0.900 dwell=0.900 survival=0.900 plateau=2
[08-22 21:44:31] [B] B6_bridge iter=43 score=0.881 success=0.900 dwell=0.900 survival=0.900 plateau=0
[08-22 21:48:32] [B] B6_bridge iter=45 score=0.882 success=0.900 dwell=0.900 survival=0.900 plateau=0
[08-22 21:50:32] [B] B6_bridge iter=47 score=0.889 success=0.900 dwell=0.900 survival=0.900 plateau=0
[08-22 21:52:32] [B] B6_bridge iter=49 score=0.966 success=1.000 dwell=1.000 survival=1.000 plateau=0
[08-22 21:54:32] [B] B6_bridge iter=51 score=0.966 success=1.000 dwell=1.000 survival=1.000 plateau=0
[08-22 21:56:32] [B] B6_bridge iter=53 score=0.965 success=1.000 dwell=1.000 survival=1.000 plateau=2
[08-22 22:00:32] [B] B6_bridge iter=55 score=0.964 success=1.000 dwell=1.000 survival=1.000 plateau=4
[08-22 22:02:32] [B] B6_bridge iter=57 score=0.964 success=1.000 dwell=1.000 survival=1.000 plateau=6
[08-22 22:04:32] [B] B6_bridge iter=59 score=0.963 success=1.000 dwell=1.000 survival=1.000 plateau=8
[08-22 22:06:32] [B] B6_bridge iter=61 score=0.962 success=1.000 dwell=1.000 survival=1.000 plateau=10
[08-22 22:08:33] [B] B6_bridge iter=63 score=0.962 success=1.000 dwell=1.000 survival=1.000 plateau=12
[08-22 22:10:33] [B] B6_bridge iter=65 score=0.962 success=1.000 dwell=1.000 survival=1.000 plateau=14
[08-22 22:14:33] [B] B6_bridge iter=67 score=0.962 success=1.000 dwell=1.000 survival=1.000 plateau=16
[08-22 22:16:33] [B] B6_bridge iter=69 score=0.962 success=1.000 dwell=1.000 survival=1.000 plateau=18
[08-22 22:18:33] [B] B6_bridge iter=71 score=0.962 success=1.000 dwell=1.000 survival=1.000 plateau=20
[08-22 22:20:33] [B] B6_bridge iter=73 score=0.963 success=1.000 dwell=1.000 survival=1.000 plateau=22
[08-22 22:22:33] [B] B6_bridge iter=75 score=0.964 success=1.000 dwell=1.000 survival=1.000 plateau=24
[08-22 22:24:33] [B] B6_bridge iter=76 score=0.964 success=1.000 dwell=1.000 survival=1.000 plateau=25
[08-22 22:28:34] [B] B6_bridge iter=79 score=0.964 success=1.000 dwell=1.000 survival=1.000 plateau=28
[08-22 22:30:34] [B] B6_bridge iter=80 score=0.965 success=1.000 dwell=1.000 survival=1.000 plateau=29
[08-22 22:32:34] [B] B6_bridge iter=83 score=0.964 success=1.000 dwell=1.000 survival=1.000 plateau=32
[08-22 22:38:34] [B] B6_bridge iter=87 score=0.963 success=1.000 dwell=1.000 survival=1.000 plateau=36
[08-22 22:42:34] [B] B6_bridge iter=91 score=0.959 success=1.000 dwell=1.000 survival=1.000 plateau=40
[08-22 22:48:34] [B] B6_bridge iter=95 score=0.939 success=0.950 dwell=1.000 survival=1.000 plateau=44
[08-22 22:52:35] [B] B6_bridge iter=99 score=0.937 success=0.950 dwell=1.000 survival=1.000 plateau=48
[08-22 22:54:35] [B] B6_bridge iter=101 score=0.846 success=0.850 dwell=0.900 survival=0.900 plateau=0
[08-22 22:58:35] [B] B6_bridge iter=103 score=0.842 success=0.850 dwell=0.900 survival=0.900 plateau=2
[08-22 23:00:35] [B] B6_bridge iter=105 score=0.841 success=0.850 dwell=0.900 survival=0.900 plateau=4
[08-22 23:02:35] [B] B6_bridge iter=107 score=0.841 success=0.850 dwell=0.900 survival=0.900 plateau=6
[08-22 23:04:35] [B] B6_bridge iter=109 score=0.841 success=0.850 dwell=0.900 survival=0.900 plateau=8
[08-22 23:08:35] [B] B6_bridge iter=111 score=0.841 success=0.850 dwell=0.900 survival=0.900 plateau=10
[08-22 23:10:36] [B] B6_bridge iter=113 score=0.841 success=0.850 dwell=0.900 survival=0.900 plateau=12
[08-22 23:12:36] [B] B6_bridge iter=115 score=0.818 success=0.850 dwell=0.820 survival=0.900 plateau=14
[08-22 23:14:36] [B] B6_bridge iter=117 score=0.838 success=0.900 dwell=0.820 survival=0.900 plateau=16
[08-22 23:18:36] [B] B6_bridge iter=119 score=0.840 success=0.900 dwell=0.820 survival=0.900 plateau=18
[08-22 23:20:36] [B] B6_bridge iter=121 score=0.930 success=1.000 dwell=0.920 survival=1.000 plateau=0
[08-22 23:22:36] [B] B6_bridge iter=123 score=0.932 success=1.000 dwell=0.920 survival=1.000 plateau=0
[08-22 23:24:36] [B] B6_bridge iter=125 score=0.933 success=1.000 dwell=0.920 survival=1.000 plateau=0
[08-22 23:28:36] [B] B6_bridge iter=127 score=0.934 success=1.000 dwell=0.920 survival=1.000 plateau=0
[08-22 23:30:37] [B] B6_bridge iter=129 score=0.934 success=1.000 dwell=0.920 survival=1.000 plateau=2
[08-22 23:32:37] [B] B6_bridge iter=131 score=0.917 success=1.000 dwell=0.902 survival=1.000 plateau=4
[08-22 23:36:37] [B] B6_bridge iter=133 score=0.918 success=1.000 dwell=0.903 survival=1.000 plateau=6
[08-22 23:38:37] [B] B6_bridge iter=135 score=0.945 success=1.000 dwell=0.982 survival=1.000 plateau=0
[08-22 23:40:37] [B] B6_bridge iter=137 score=0.944 success=1.000 dwell=0.982 survival=1.000 plateau=2
[08-22 23:42:37] [B] B6_bridge iter=138 score=0.944 success=1.000 dwell=0.982 survival=1.000 plateau=3
[08-22 23:46:37] [B] B6_bridge iter=142 score=0.938 success=1.000 dwell=0.982 survival=1.000 plateau=7
[08-22 23:50:38] [B] B6_bridge iter=145 score=0.939 success=1.000 dwell=0.982 survival=1.000 plateau=10
[08-22 23:52:38] [B] B6_bridge iter=146 score=0.938 success=1.000 dwell=0.982 survival=1.000 plateau=11
[08-22 23:56:38] [B] B6_bridge iter=150 score=0.955 success=1.000 dwell=1.000 survival=1.000 plateau=0
[08-23 00:00:38] [B] B6_bridge iter=153 score=0.956 success=1.000 dwell=1.000 survival=1.000 plateau=0
[08-23 00:02:38] [B] B6_bridge iter=154 score=0.956 success=1.000 dwell=1.000 survival=1.000 plateau=0
[08-23 00:06:38] [B] B6_bridge iter=158 score=0.957 success=1.000 dwell=1.000 survival=1.000 plateau=0
[08-23 00:12:39] [B] B6_bridge iter=162 score=0.967 success=1.000 dwell=1.000 survival=1.000 plateau=0
[08-23 00:18:39] [B] B6_bridge iter=165 score=0.967 success=1.000 dwell=1.000 survival=1.000 plateau=3
[08-23 00:20:39] [B] B6_bridge iter=166 score=0.968 success=1.000 dwell=1.000 survival=1.000 plateau=0
[08-23 00:24:39] [B] B6_bridge iter=169 score=0.967 success=1.000 dwell=1.000 survival=1.000 plateau=3
[08-23 00:26:40] [B] B6_bridge iter=170 score=0.966 success=1.000 dwell=1.000 survival=1.000 plateau=4
[08-23 00:30:40] [B] B6_bridge iter=173 score=0.966 success=1.000 dwell=1.000 survival=1.000 plateau=7
[08-23 00:32:40] [B] B6_bridge iter=174 score=0.966 success=1.000 dwell=1.000 survival=1.000 plateau=8
[08-23 00:36:40] [B] B6_bridge iter=177 score=0.967 success=1.000 dwell=1.000 survival=1.000 plateau=11
[08-23 00:38:40] [B] B6_bridge iter=179 score=0.871 success=0.900 dwell=0.900 survival=0.900 plateau=13
[08-23 00:42:41] [B] B6_bridge iter=181 score=0.871 success=0.900 dwell=0.900 survival=0.900 plateau=15
[08-23 00:44:41] [B] B6_bridge iter=183 score=0.871 success=0.900 dwell=0.900 survival=0.900 plateau=17
[08-23 00:46:41] [B] B6_bridge iter=185 score=0.871 success=0.900 dwell=0.900 survival=0.900 plateau=19
[08-23 00:50:41] [B] B6_bridge iter=187 score=0.857 success=0.900 dwell=0.900 survival=0.900 plateau=21
[08-23 00:52:41] [B] B6_bridge iter=189 score=0.859 success=0.900 dwell=0.900 survival=0.900 plateau=23
[08-23 00:56:41] [B] B6_bridge iter=191 score=0.858 success=0.900 dwell=0.900 survival=0.900 plateau=25
[08-23 00:58:42] [B] B6_bridge iter=193 score=0.858 success=0.900 dwell=0.900 survival=0.900 plateau=27
[08-23 01:00:42] [B] B6_bridge iter=195 score=0.857 success=0.900 dwell=0.900 survival=0.900 plateau=29
[08-23 01:04:42] [B] B6_bridge iter=197 score=0.861 success=0.900 dwell=0.900 survival=0.900 plateau=31
[08-23 01:06:42] [B] B6_bridge iter=199 score=0.952 success=1.000 dwell=1.000 survival=1.000 plateau=33
[08-23 01:06:42] [B] B6_bridge qualified and plateaued; requesting graceful stop at iter=199
[08-23 01:07:21] [B] B6_bridge promoted from peak iter=166.0 score=0.9676775833333334 bundle=C:\Users\JUN\Desktop\airop\Release_260722_plz\artifacts\models\team01\B6_bridge\bundle_000160
[08-23 01:07:21] [B] B7_bridge launch (peak-bundle transfer, cap=300, min=100) <- C:\Users\JUN\Desktop\airop\Release_260722_plz\artifacts\models\team01\B6_bridge\bundle_000160
[08-23 01:53:24] [B] B7_bridge iter=39 score=0.969 success=1.000 dwell=1.000 survival=1.000 plateau=0
[08-23 01:57:24] [B] B7_bridge iter=43 score=0.969 success=1.000 dwell=1.000 survival=1.000 plateau=4
[08-23 02:01:24] [B] B7_bridge iter=47 score=0.966 success=1.000 dwell=1.000 survival=1.000 plateau=8
[08-23 02:05:24] [B] B7_bridge iter=51 score=0.966 success=1.000 dwell=1.000 survival=1.000 plateau=12
[08-23 02:09:25] [B] B7_bridge iter=55 score=0.966 success=1.000 dwell=1.000 survival=1.000 plateau=16
[08-23 02:15:25] [B] B7_bridge iter=59 score=0.957 success=1.000 dwell=1.000 survival=1.000 plateau=20
[08-23 02:19:25] [B] B7_bridge iter=63 score=0.956 success=1.000 dwell=1.000 survival=1.000 plateau=24
[08-23 02:25:25] [B] B7_bridge iter=67 score=0.955 success=1.000 dwell=1.000 survival=1.000 plateau=28
[08-23 02:29:26] [B] B7_bridge iter=71 score=0.956 success=1.000 dwell=1.000 survival=1.000 plateau=32
[08-23 02:35:26] [B] B7_bridge iter=75 score=0.956 success=1.000 dwell=1.000 survival=1.000 plateau=36
[08-23 02:39:26] [B] B7_bridge iter=79 score=0.955 success=1.000 dwell=1.000 survival=1.000 plateau=40
[08-23 02:45:27] [B] B7_bridge iter=83 score=0.949 success=1.000 dwell=1.000 survival=1.000 plateau=44
[08-23 02:49:27] [B] B7_bridge iter=87 score=0.950 success=1.000 dwell=1.000 survival=1.000 plateau=48
[08-23 02:55:27] [B] B7_bridge iter=91 score=0.951 success=1.000 dwell=1.000 survival=1.000 plateau=52
[08-23 02:59:27] [B] B7_bridge iter=95 score=0.947 success=1.000 dwell=1.000 survival=1.000 plateau=56
[08-23 03:05:27] [B] B7_bridge iter=99 score=0.954 success=1.000 dwell=1.000 survival=1.000 plateau=60
[08-23 03:11:28] [B] B7_bridge iter=103 score=0.956 success=1.000 dwell=1.000 survival=1.000 plateau=0
[08-23 03:15:28] [B] B7_bridge iter=107 score=0.955 success=1.000 dwell=1.000 survival=1.000 plateau=4
[08-23 03:21:28] [B] B7_bridge iter=111 score=0.954 success=1.000 dwell=1.000 survival=1.000 plateau=8
[08-23 03:25:28] [B] B7_bridge iter=115 score=0.954 success=1.000 dwell=1.000 survival=1.000 plateau=12
[08-23 03:31:29] [B] B7_bridge iter=119 score=0.955 success=1.000 dwell=1.000 survival=1.000 plateau=16
[08-23 03:35:29] [B] B7_bridge iter=123 score=0.961 success=1.000 dwell=1.000 survival=1.000 plateau=0
[08-23 03:41:29] [B] B7_bridge iter=127 score=0.961 success=1.000 dwell=1.000 survival=1.000 plateau=0
[08-23 03:47:29] [B] B7_bridge iter=131 score=0.961 success=1.000 dwell=1.000 survival=1.000 plateau=4
[08-23 03:51:30] [B] B7_bridge iter=135 score=0.965 success=1.000 dwell=1.000 survival=1.000 plateau=0
[08-23 03:57:30] [B] B7_bridge iter=139 score=0.966 success=1.000 dwell=1.000 survival=1.000 plateau=0
[08-23 04:01:30] [B] B7_bridge iter=143 score=0.966 success=1.000 dwell=1.000 survival=1.000 plateau=0
[08-23 04:07:30] [B] B7_bridge iter=147 score=0.966 success=1.000 dwell=1.000 survival=1.000 plateau=0
[08-23 04:13:31] [B] B7_bridge iter=151 score=0.966 success=1.000 dwell=1.000 survival=1.000 plateau=4
[08-23 04:17:31] [B] B7_bridge iter=155 score=0.966 success=1.000 dwell=1.000 survival=1.000 plateau=8
[08-23 04:23:31] [B] B7_bridge iter=159 score=0.965 success=1.000 dwell=1.000 survival=1.000 plateau=12
[08-23 04:29:31] [B] B7_bridge iter=163 score=0.965 success=1.000 dwell=1.000 survival=1.000 plateau=16
[08-23 04:33:32] [B] B7_bridge iter=167 score=0.965 success=1.000 dwell=1.000 survival=1.000 plateau=20
[08-23 04:39:32] [B] B7_bridge iter=171 score=0.964 success=1.000 dwell=1.000 survival=1.000 plateau=24
[08-23 04:45:32] [B] B7_bridge iter=175 score=0.964 success=1.000 dwell=1.000 survival=1.000 plateau=28
[08-23 04:45:32] [B] B7_bridge qualified and plateaued; requesting graceful stop at iter=175
[08-23 04:46:36] [B] B7_bridge promoted from peak iter=147.0 score=0.9661676250000001 bundle=C:\Users\JUN\Desktop\airop\Release_260722_plz\artifacts\models\team01\B7_bridge\bundle_000140
[08-23 04:46:36] [B] B-series orchestrator finished; final parent=C:\Users\JUN\Desktop\airop\Release_260722_plz\artifacts\models\team01\B7_bridge\bundle_000140
