[08-22 02:37:24] [C] C-series start: min=100 plateau=25 threshold=0.72 parent=C:\Users\JUN\Desktop\airop\Release_260722_plz\artifacts\models\team01\D4_def\bundle_000090
[08-22 02:37:24] [C] C1_crossdef launch <- C:\Users\JUN\Desktop\airop\Release_260722_plz\artifacts\models\team01\D4_def\bundle_000090
[08-22 02:44:05] [C] C-series start: min=100 b-min=80 plateau=25 threshold=0.72 parent=C:\Users\JUN\Desktop\airop\Release_260722_plz\artifacts\models\team01\D4_def\bundle_000090
[08-22 02:44:05] [C] C1_crossdef launch (peak-bundle transfer, cap=300, min=100) <- C:\Users\JUN\Desktop\airop\Release_260722_plz\artifacts\models\team01\D4_def\bundle_000090
[08-22 02:45:20] [C] C-series start: min=100 b-min=80 plateau=25 threshold=0.72 parent=C:\Users\JUN\Desktop\airop\Release_260722_plz\artifacts\models\team01\D4_def\bundle_000090
[08-22 02:45:20] [C] C1_crossdef launch (peak-bundle transfer, cap=300, min=100) <- C:\Users\JUN\Desktop\airop\Release_260722_plz\artifacts\models\team01\D4_def\bundle_000090
[08-22 03:01:18] [C] C-series start: min=100 b-min=80 plateau=25 threshold=0.72 parent=C:\Users\JUN\Desktop\airop\Release_260722_plz\artifacts\models\team01\D4_def\bundle_000090
[08-22 03:01:18] [C] C1_crossdef launch (peak-bundle transfer, cap=300, min=100) <- C:\Users\JUN\Desktop\airop\Release_260722_plz\artifacts\models\team01\D4_def\bundle_000090
[08-22 03:09:52] [C] C-series start: min=100 b-min=80 plateau=25 threshold=0.72 parent=C:\Users\JUN\Desktop\airop\Release_260722_plz\artifacts\models\team01\D4_def\bundle_000090
[08-22 03:09:52] [C] C1_crossdef launch (peak-bundle transfer, cap=300, min=100) <- C:\Users\JUN\Desktop\airop\Release_260722_plz\artifacts\models\team01\D4_def\bundle_000090
[08-22 03:24:09] [C] C-series start: min=100 b-min=80 plateau=25 threshold=0.72 parent=C:\Users\JUN\Desktop\airop\Release_260722_plz\artifacts\models\team01\D4_def\bundle_000090
[08-22 03:24:09] [C] C1_crossdef adopting existing run pid=34328
[08-22 03:48:10] [C] C1_crossdef adopted iter=29 score=0.945 survival=0.900 clear=1.000 exposure=0.989
[08-22 03:50:11] [C] C1_crossdef adopted iter=30 score=0.937 survival=0.900 clear=0.977 exposure=0.989
[08-22 03:54:11] [C] C1_crossdef adopted iter=35 score=0.935 survival=0.900 clear=0.977 exposure=0.988
[08-22 03:56:11] [C] C1_crossdef adopted iter=36 score=0.949 survival=1.000 clear=0.977 exposure=0.988
[08-22 04:00:11] [C] C1_crossdef adopted iter=42 score=0.948 survival=1.000 clear=0.977 exposure=0.988
[08-22 04:06:11] [C] C1_crossdef adopted iter=48 score=0.951 survival=1.000 clear=0.977 exposure=0.988
[08-22 04:12:12] [C] C1_crossdef adopted iter=53 score=0.952 survival=1.000 clear=0.977 exposure=0.990
[08-22 04:14:12] [C] C1_crossdef adopted iter=54 score=0.952 survival=1.000 clear=0.977 exposure=0.990
[08-22 04:20:12] [C] C1_crossdef adopted iter=58 score=0.954 survival=1.000 clear=0.977 exposure=0.992
[08-22 04:24:13] [C] C1_crossdef adopted iter=59 score=0.964 survival=1.000 clear=1.000 exposure=0.990
[08-22 04:28:13] [C] C1_crossdef adopted iter=64 score=0.956 survival=0.950 clear=1.000 exposure=0.982
[08-22 04:30:13] [C] C1_crossdef adopted iter=65 score=0.960 survival=0.950 clear=1.000 exposure=0.985
[08-22 04:34:13] [C] C1_crossdef adopted iter=68 score=0.962 survival=0.950 clear=1.000 exposure=0.984
[08-22 04:36:13] [C] C1_crossdef adopted iter=70 score=0.963 survival=0.950 clear=1.000 exposure=0.986
[08-22 04:38:13] [C] C1_crossdef adopted iter=71 score=0.963 survival=0.950 clear=1.000 exposure=0.986
[08-22 04:40:14] [C] C1_crossdef adopted iter=74 score=0.960 survival=0.950 clear=1.000 exposure=0.983
[08-22 04:44:14] [C] C1_crossdef adopted iter=77 score=0.946 survival=0.950 clear=0.960 exposure=0.983
[08-22 04:48:14] [C] C1_crossdef adopted iter=80 score=0.940 survival=0.950 clear=0.960 exposure=0.982
[08-22 04:50:14] [C] C1_crossdef adopted iter=83 score=0.932 survival=0.900 clear=0.960 exposure=0.992
[08-22 04:54:14] [C] C1_crossdef adopted iter=86 score=0.933 survival=0.900 clear=0.960 exposure=0.991
[08-22 04:56:14] [C] C1_crossdef adopted iter=89 score=0.931 survival=0.900 clear=0.960 exposure=0.992
[08-22 04:58:14] [C] C1_crossdef adopted iter=91 score=0.911 survival=0.800 clear=0.960 exposure=0.992
[08-22 05:00:15] [C] C1_crossdef adopted iter=92 score=0.914 survival=0.800 clear=0.960 exposure=0.994
[08-22 05:02:15] [C] C1_crossdef adopted iter=95 score=0.914 survival=0.800 clear=0.960 exposure=0.994
[08-22 05:04:15] [C] C1_crossdef adopted iter=98 score=0.930 survival=0.800 clear=1.000 exposure=0.995
[08-22 05:08:15] [C] C1_crossdef adopted iter=101 score=0.948 survival=0.900 clear=1.000 exposure=0.995
[08-22 05:10:15] [C] C1_crossdef adopted iter=103 score=0.955 survival=0.900 clear=1.000 exposure=0.995
[08-22 05:12:15] [C] C1_crossdef adopted iter=104 score=0.948 survival=0.900 clear=1.000 exposure=0.988
[08-22 05:14:15] [C] C1_crossdef adopted iter=107 score=0.948 survival=0.900 clear=1.000 exposure=0.987
[08-22 05:16:15] [C] C1_crossdef adopted iter=109 score=0.948 survival=0.900 clear=1.000 exposure=0.987
[08-22 05:18:15] [C] C1_crossdef adopted iter=110 score=0.968 survival=1.000 clear=1.000 exposure=0.987
[08-22 05:20:16] [C] C1_crossdef adopted iter=113 score=0.969 survival=1.000 clear=1.000 exposure=0.989
[08-22 05:22:16] [C] C1_crossdef adopted iter=115 score=0.948 survival=0.950 clear=1.000 exposure=0.989
[08-22 05:24:16] [C] C1_crossdef adopted iter=116 score=0.948 survival=0.950 clear=1.000 exposure=0.989
[08-22 05:28:16] [C] C1_crossdef adopted iter=121 score=0.948 survival=0.950 clear=1.000 exposure=0.991
[08-22 05:30:16] [C] C1_crossdef adopted iter=122 score=0.951 survival=0.950 clear=1.000 exposure=0.990
[08-22 05:34:16] [C] C1_crossdef adopted iter=127 score=0.955 survival=0.950 clear=1.000 exposure=0.998
[08-22 05:36:16] [C] C1_crossdef adopted iter=128 score=0.955 survival=0.950 clear=1.000 exposure=0.997
[08-22 05:40:17] [C] C1_crossdef adopted iter=132 score=0.935 survival=0.950 clear=1.000 exposure=0.997
[08-22 05:42:17] [C] C1_crossdef adopted iter=134 score=0.953 survival=1.000 clear=1.000 exposure=0.994
[08-22 05:44:17] [C] C1_crossdef adopted iter=136 score=0.933 survival=0.900 clear=1.000 exposure=0.994
[08-22 05:48:17] [C] C1_crossdef adopted iter=140 score=0.905 survival=0.850 clear=1.000 exposure=0.993
[08-22 05:54:17] [C] C1_crossdef adopted iter=146 score=0.900 survival=0.850 clear=1.000 exposure=0.992
[08-22 05:56:17] [C] C1_crossdef adopted iter=148 score=0.880 survival=0.750 clear=1.000 exposure=0.992
[08-22 06:00:18] [C] C1_crossdef adopted iter=152 score=0.880 survival=0.750 clear=0.951 exposure=0.989
[08-22 06:02:18] [C] C1_crossdef adopted iter=154 score=0.870 survival=0.700 clear=0.951 exposure=0.988
[08-22 06:04:18] [C] C1_crossdef adopted iter=155 score=0.873 survival=0.700 clear=0.951 exposure=0.991
[08-22 06:06:18] [C] C1_crossdef adopted iter=157 score=0.895 survival=0.800 clear=0.951 exposure=0.989
[08-22 06:08:18] [C] C1_crossdef adopted iter=160 score=0.915 survival=0.800 clear=0.951 exposure=0.989
[08-22 06:10:18] [C] C1_crossdef adopted iter=161 score=0.925 survival=0.850 clear=0.951 exposure=0.990
[08-22 06:12:18] [C] C1_crossdef adopted iter=164 score=0.904 survival=0.750 clear=0.951 exposure=0.987
[08-22 06:14:18] [C] C1_crossdef adopted iter=166 score=0.904 survival=0.850 clear=0.951 exposure=0.987
[08-22 06:18:19] [C] C1_crossdef adopted iter=168 score=0.924 survival=0.850 clear=1.000 exposure=0.987
[08-22 06:20:19] [C] C1_crossdef adopted iter=170 score=0.926 survival=0.850 clear=1.000 exposure=0.992
[08-22 06:22:19] [C] C1_crossdef adopted iter=172 score=0.936 survival=0.900 clear=1.000 exposure=0.992
[08-22 06:24:19] [C] C1_crossdef adopted iter=174 score=0.935 survival=0.900 clear=1.000 exposure=0.987
[08-22 06:28:19] [C] C1_crossdef adopted iter=178 score=0.916 survival=0.900 clear=1.000 exposure=0.989
[08-22 06:30:19] [C] C1_crossdef adopted iter=180 score=0.913 survival=0.900 clear=1.000 exposure=0.986
[08-22 06:34:19] [C] C1_crossdef adopted iter=184 score=0.916 survival=0.900 clear=1.000 exposure=0.986
[08-22 06:36:19] [C] C1_crossdef adopted iter=186 score=0.849 survival=0.800 clear=0.901 exposure=0.986
[08-22 06:40:20] [C] C1_crossdef adopted iter=190 score=0.869 survival=0.900 clear=0.901 exposure=0.987
[08-22 06:42:20] [C] C1_crossdef adopted iter=191 score=0.891 survival=0.900 clear=0.901 exposure=0.983
[08-22 06:44:20] [C] C1_crossdef adopted iter=193 score=0.869 survival=0.800 clear=0.901 exposure=0.983
[08-22 06:48:20] [C] C1_crossdef adopted iter=197 score=0.869 survival=0.800 clear=0.901 exposure=0.981
[08-22 06:50:20] [C] C1_crossdef adopted iter=199 score=0.847 survival=0.800 clear=0.835 exposure=0.986
[08-22 06:54:20] [C] C1_crossdef adopted iter=202 score=0.837 survival=0.750 clear=0.835 exposure=0.985
[08-22 06:56:21] [C] C1_crossdef adopted iter=205 score=0.814 survival=0.750 clear=0.760 exposure=0.988
[08-22 07:00:21] [C] C1_crossdef adopted iter=208 score=0.811 survival=0.750 clear=0.760 exposure=0.988
[08-22 07:02:21] [C] C1_crossdef adopted iter=210 score=0.881 survival=0.850 clear=0.859 exposure=0.993
[08-22 07:06:21] [C] C1_crossdef adopted iter=213 score=0.861 survival=0.750 clear=0.859 exposure=0.993
[08-22 07:08:21] [C] C1_crossdef adopted iter=214 score=0.856 survival=0.750 clear=0.859 exposure=0.992
[08-22 07:10:21] [C] C1_crossdef adopted iter=217 score=0.797 survival=0.750 clear=0.760 exposure=0.982
[08-22 07:12:21] [C] C1_crossdef adopted iter=219 score=0.797 survival=0.750 clear=0.760 exposure=0.984
[08-22 07:16:22] [C] C1_crossdef adopted iter=223 score=0.846 survival=0.800 clear=0.826 exposure=0.984
[08-22 07:20:22] [C] C1_crossdef adopted iter=225 score=0.873 survival=0.800 clear=0.901 exposure=0.984
[08-22 07:22:22] [C] C1_crossdef adopted iter=228 score=0.873 survival=0.800 clear=0.901 exposure=0.984
[08-22 07:24:22] [C] C1_crossdef adopted iter=229 score=0.869 survival=0.800 clear=0.901 exposure=0.980
[08-22 07:26:22] [C] C1_crossdef adopted iter=231 score=0.889 survival=0.900 clear=0.901 exposure=0.980
[08-22 07:30:22] [C] C1_crossdef adopted iter=235 score=0.892 survival=0.900 clear=0.901 exposure=0.979
[08-22 07:32:22] [C] C1_crossdef adopted iter=237 score=0.971 survival=1.000 clear=1.000 exposure=0.989
[08-22 07:36:23] [C] C1_crossdef adopted iter=240 score=0.971 survival=1.000 clear=1.000 exposure=0.990
[08-22 07:38:23] [C] C1_crossdef adopted iter=241 score=0.951 survival=1.000 clear=1.000 exposure=0.987
[08-22 07:40:23] [C] C1_crossdef adopted iter=243 score=0.934 survival=1.000 clear=1.000 exposure=0.987
[08-22 07:44:23] [C] C1_crossdef adopted iter=247 score=0.931 survival=1.000 clear=1.000 exposure=0.984
[08-22 07:46:23] [C] C1_crossdef adopted iter=249 score=0.934 survival=1.000 clear=1.000 exposure=0.988
[08-22 07:50:23] [C] C1_crossdef adopted iter=252 score=0.934 survival=1.000 clear=1.000 exposure=0.989
[08-22 07:52:24] [C] C1_crossdef adopted iter=254 score=0.912 survival=0.900 clear=1.000 exposure=0.991
[08-22 07:58:24] [C] C1_crossdef adopted iter=259 score=0.912 survival=0.900 clear=1.000 exposure=0.991
[08-22 08:00:24] [C] C1_crossdef adopted iter=260 score=0.933 survival=0.900 clear=1.000 exposure=0.994
[08-22 08:02:24] [C] C1_crossdef adopted iter=263 score=0.949 survival=0.900 clear=1.000 exposure=0.994
[08-22 08:04:24] [C] C1_crossdef adopted iter=265 score=0.949 survival=0.900 clear=1.000 exposure=0.990
[08-22 08:06:24] [C] C1_crossdef adopted iter=266 score=0.952 survival=0.900 clear=1.000 exposure=0.993
[08-22 08:10:25] [C] C1_crossdef adopted iter=269 score=0.935 survival=0.900 clear=1.000 exposure=0.993
[08-22 08:12:25] [C] C1_crossdef adopted iter=272 score=0.935 survival=0.900 clear=1.000 exposure=0.993
[08-22 08:16:25] [C] C1_crossdef adopted iter=275 score=0.955 survival=1.000 clear=1.000 exposure=0.993
[08-22 08:18:25] [C] C1_crossdef adopted iter=277 score=0.952 survival=1.000 clear=1.000 exposure=0.988
[08-22 08:20:25] [C] C1_crossdef adopted iter=278 score=0.944 survival=1.000 clear=1.000 exposure=0.988
[08-22 08:24:25] [C] C1_crossdef adopted iter=281 score=0.938 survival=1.000 clear=1.000 exposure=0.988
[08-22 08:26:25] [C] C1_crossdef adopted iter=284 score=0.938 survival=1.000 clear=1.000 exposure=0.989
[08-22 08:30:26] [C] C1_crossdef adopted iter=287 score=0.938 survival=1.000 clear=1.000 exposure=0.989
[08-22 08:32:26] [C] C1_crossdef adopted iter=290 score=0.954 survival=1.000 clear=1.000 exposure=0.987
[08-22 08:36:26] [C] C1_crossdef adopted iter=293 score=0.942 survival=1.000 clear=0.963 exposure=0.987
[08-22 08:38:26] [C] C1_crossdef adopted iter=295 score=0.917 survival=0.950 clear=0.963 exposure=0.981
[08-22 08:40:26] [C] C1_crossdef adopted iter=296 score=0.920 survival=0.950 clear=0.963 exposure=0.986
[08-22 08:44:26] [C] C1_crossdef adopted iter=299 score=0.928 survival=0.950 clear=0.963 exposure=0.986
[08-22 08:44:47] [C] C1_crossdef promoted from peak iter=240.0 score=0.9713480765707768 bundle=C:\Users\JUN\Desktop\airop\Release_260722_plz\artifacts\models\team01\C1_crossdef\bundle_000240
[08-22 08:44:47] [C] C2_crossdef launch (peak-bundle transfer, cap=300, min=100) <- C:\Users\JUN\Desktop\airop\Release_260722_plz\artifacts\models\team01\C1_crossdef\bundle_000240
[08-22 09:18:49] [C] C2_crossdef iter=28 score=0.842 survival=0.900 clear=0.841 exposure=0.864 plateau=0
[08-22 09:22:49] [C] C2_crossdef iter=31 score=0.835 survival=0.900 clear=0.841 exposure=0.859 plateau=3
[08-22 09:24:49] [C] C2_crossdef iter=32 score=0.834 survival=0.900 clear=0.841 exposure=0.856 plateau=4
[08-22 09:26:49] [C] C2_crossdef iter=35 score=0.830 survival=0.900 clear=0.841 exposure=0.860 plateau=7
[08-22 09:28:49] [C] C2_crossdef iter=36 score=0.927 survival=1.000 clear=0.939 exposure=0.960 plateau=0
[08-22 09:32:49] [C] C2_crossdef iter=40 score=0.955 survival=1.000 clear=1.000 exposure=0.951 plateau=1
[08-22 09:36:50] [C] C2_crossdef iter=43 score=0.923 survival=1.000 clear=0.925 exposure=0.956 plateau=4
[08-22 09:38:50] [C] C2_crossdef iter=44 score=0.923 survival=1.000 clear=0.925 exposure=0.960 plateau=5
[08-22 09:42:50] [C] C2_crossdef iter=48 score=0.916 survival=1.000 clear=0.925 exposure=0.967 plateau=9
[08-22 09:46:50] [C] C2_crossdef iter=51 score=0.923 survival=1.000 clear=0.925 exposure=0.971 plateau=12
[08-22 09:48:50] [C] C2_crossdef iter=53 score=0.843 survival=0.900 clear=0.828 exposure=0.939 plateau=14
[08-22 09:50:50] [C] C2_crossdef iter=54 score=0.761 survival=0.800 clear=0.729 exposure=0.912 plateau=15
[08-22 09:52:50] [C] C2_crossdef iter=55 score=0.761 survival=0.800 clear=0.729 exposure=0.914 plateau=16
[08-22 09:56:51] [C] C2_crossdef iter=59 score=0.769 survival=0.800 clear=0.771 exposure=0.913 plateau=20
[08-22 10:00:51] [C] C2_crossdef iter=62 score=0.769 survival=0.800 clear=0.771 exposure=0.914 plateau=23
[08-22 10:02:51] [C] C2_crossdef iter=63 score=0.773 survival=0.800 clear=0.771 exposure=0.910 plateau=24
[08-22 10:06:51] [C] C2_crossdef iter=67 score=0.734 survival=0.800 clear=0.771 exposure=0.907 plateau=28
[08-22 10:10:51] [C] C2_crossdef iter=70 score=0.737 survival=0.800 clear=0.771 exposure=0.912 plateau=31
[08-22 10:12:52] [C] C2_crossdef iter=71 score=0.814 survival=0.900 clear=0.867 exposure=0.943 plateau=32
[08-22 10:16:52] [C] C2_crossdef iter=74 score=0.894 survival=1.000 clear=0.966 exposure=0.966 plateau=35
[08-22 10:18:52] [C] C2_crossdef iter=75 score=0.874 survival=1.000 clear=0.966 exposure=0.965 plateau=36
[08-22 10:22:52] [C] C2_crossdef iter=79 score=0.868 survival=1.000 clear=0.912 exposure=0.971 plateau=40
[08-22 10:26:52] [C] C2_crossdef iter=82 score=0.868 survival=1.000 clear=0.912 exposure=0.971 plateau=43
[08-22 10:28:52] [C] C2_crossdef iter=83 score=0.838 survival=1.000 clear=0.876 exposure=0.975 plateau=44
[08-22 10:32:53] [C] C2_crossdef iter=87 score=0.859 survival=1.000 clear=0.876 exposure=0.979 plateau=48
[08-22 10:36:53] [C] C2_crossdef iter=90 score=0.859 survival=1.000 clear=0.876 exposure=0.978 plateau=51
[08-22 10:38:53] [C] C2_crossdef iter=91 score=0.865 survival=1.000 clear=0.876 exposure=0.979 plateau=52
[08-22 10:42:53] [C] C2_crossdef iter=94 score=0.868 survival=1.000 clear=0.876 exposure=0.981 plateau=55
[08-22 10:44:53] [C] C2_crossdef iter=95 score=0.887 survival=1.000 clear=0.876 exposure=0.986 plateau=56
[08-22 10:46:53] [C] C2_crossdef iter=97 score=0.838 survival=0.900 clear=0.865 exposure=0.970 plateau=58
[08-22 10:48:53] [C] C2_crossdef iter=99 score=0.806 survival=0.900 clear=0.777 exposure=0.964 plateau=60
[08-22 10:52:54] [C] C2_crossdef iter=101 score=0.802 survival=0.900 clear=0.777 exposure=0.960 plateau=0
[08-22 10:54:54] [C] C2_crossdef iter=103 score=0.816 survival=0.900 clear=0.813 exposure=0.963 plateau=0
[08-22 10:56:54] [C] C2_crossdef iter=105 score=0.833 survival=0.900 clear=0.813 exposure=0.960 plateau=0
[08-22 11:00:54] [C] C2_crossdef iter=107 score=0.833 survival=0.900 clear=0.813 exposure=0.956 plateau=0
[08-22 11:02:54] [C] C2_crossdef iter=109 score=0.833 survival=0.900 clear=0.813 exposure=0.956 plateau=0
[08-22 11:04:54] [C] C2_crossdef iter=111 score=0.826 survival=0.900 clear=0.813 exposure=0.949 plateau=2
[08-22 11:08:55] [C] C2_crossdef iter=113 score=0.827 survival=0.900 clear=0.813 exposure=0.950 plateau=4
[08-22 11:10:55] [C] C2_crossdef iter=115 score=0.818 survival=0.900 clear=0.781 exposure=0.951 plateau=6
[08-22 11:12:55] [C] C2_crossdef iter=117 score=0.898 survival=1.000 clear=0.881 exposure=0.966 plateau=0
[08-22 11:16:55] [C] C2_crossdef iter=119 score=0.930 survival=1.000 clear=0.968 exposure=0.972 plateau=0
[08-22 11:18:55] [C] C2_crossdef iter=121 score=0.933 survival=1.000 clear=0.968 exposure=0.971 plateau=0
[08-22 11:22:56] [C] C2_crossdef iter=123 score=0.932 survival=1.000 clear=0.968 exposure=0.964 plateau=2
[08-22 11:24:56] [C] C2_crossdef iter=125 score=0.934 survival=1.000 clear=0.968 exposure=0.965 plateau=0
[08-22 11:26:56] [C] C2_crossdef iter=127 score=0.921 survival=1.000 clear=0.968 exposure=0.971 plateau=2
[08-22 11:30:56] [C] C2_crossdef iter=129 score=0.921 survival=1.000 clear=0.968 exposure=0.971 plateau=4
[08-22 11:32:56] [C] C2_crossdef iter=131 score=0.875 survival=1.000 clear=0.880 exposure=0.977 plateau=6
[08-22 11:34:56] [C] C2_crossdef iter=133 score=0.876 survival=1.000 clear=0.880 exposure=0.975 plateau=8
[08-22 11:38:56] [C] C2_crossdef iter=135 score=0.886 survival=1.000 clear=0.911 exposure=0.968 plateau=10
[08-22 11:40:56] [C] C2_crossdef iter=137 score=0.885 survival=1.000 clear=0.911 exposure=0.967 plateau=12
[08-22 11:42:57] [C] C2_crossdef iter=139 score=0.863 survival=1.000 clear=0.911 exposure=0.960 plateau=14
[08-22 11:46:57] [C] C2_crossdef iter=141 score=0.864 survival=1.000 clear=0.911 exposure=0.963 plateau=16
[08-22 11:48:57] [C] C2_crossdef iter=143 score=0.860 survival=1.000 clear=0.911 exposure=0.957 plateau=18
[08-22 11:50:57] [C] C2_crossdef iter=145 score=0.859 survival=1.000 clear=0.911 exposure=0.950 plateau=20
[08-22 11:54:57] [C] C2_crossdef iter=147 score=0.874 survival=1.000 clear=0.911 exposure=0.951 plateau=22
[08-22 11:56:57] [C] C2_crossdef iter=149 score=0.872 survival=1.000 clear=0.911 exposure=0.954 plateau=24
[08-22 12:00:58] [C] C2_crossdef iter=151 score=0.924 survival=1.000 clear=1.000 exposure=0.953 plateau=26
[08-22 12:00:58] [C] C2_crossdef qualified and plateaued; requesting graceful stop at iter=151
[08-22 12:02:23] [C] C2_crossdef promoted from peak iter=125.0 score=0.9343230240255533 bundle=C:\Users\JUN\Desktop\airop\Release_260722_plz\artifacts\models\team01\C2_crossdef\bundle_000120
[08-22 12:02:23] [C] C3_crossdef launch (peak-bundle transfer, cap=300, min=100) <- C:\Users\JUN\Desktop\airop\Release_260722_plz\artifacts\models\team01\C2_crossdef\bundle_000120
[08-22 12:36:25] [C] C3_crossdef iter=27 score=0.860 survival=0.900 clear=0.903 exposure=0.921 plateau=0
[08-22 12:38:25] [C] C3_crossdef iter=30 score=0.859 survival=0.900 clear=0.903 exposure=0.920 plateau=3
[08-22 12:40:25] [C] C3_crossdef iter=31 score=0.836 survival=0.900 clear=0.903 exposure=0.923 plateau=4
[08-22 12:44:25] [C] C3_crossdef iter=35 score=0.813 survival=0.900 clear=0.903 exposure=0.928 plateau=8
[08-22 12:48:26] [C] C3_crossdef iter=38 score=0.795 survival=0.850 clear=0.903 exposure=0.925 plateau=11
[08-22 12:50:26] [C] C3_crossdef iter=39 score=0.856 survival=0.950 clear=1.000 exposure=0.964 plateau=12
[08-22 12:54:26] [C] C3_crossdef iter=42 score=0.854 survival=0.950 clear=1.000 exposure=0.968 plateau=15
[08-22 12:56:26] [C] C3_crossdef iter=43 score=0.847 survival=0.950 clear=1.000 exposure=0.970 plateau=16
[08-22 12:58:26] [C] C3_crossdef iter=46 score=0.864 survival=0.950 clear=1.000 exposure=0.966 plateau=0
[08-22 13:00:26] [C] C3_crossdef iter=47 score=0.864 survival=0.950 clear=0.941 exposure=0.976 plateau=1
[08-22 13:04:27] [C] C3_crossdef iter=50 score=0.864 survival=0.950 clear=0.941 exposure=0.976 plateau=4
[08-22 13:06:27] [C] C3_crossdef iter=51 score=0.876 survival=0.950 clear=0.941 exposure=0.963 plateau=0
[08-22 13:10:27] [C] C3_crossdef iter=54 score=0.877 survival=0.950 clear=0.941 exposure=0.961 plateau=0
[08-22 13:12:27] [C] C3_crossdef iter=55 score=0.891 survival=0.950 clear=0.941 exposure=0.965 plateau=0
[08-22 13:18:28] [C] C3_crossdef iter=58 score=0.912 survival=1.000 clear=0.941 exposure=0.969 plateau=0
[08-22 13:20:28] [C] C3_crossdef iter=59 score=0.910 survival=1.000 clear=0.941 exposure=0.966 plateau=1
[08-22 13:24:28] [C] C3_crossdef iter=62 score=0.911 survival=1.000 clear=0.941 exposure=0.966 plateau=4
[08-22 13:26:28] [C] C3_crossdef iter=63 score=0.915 survival=1.000 clear=0.941 exposure=0.961 plateau=0
[08-22 13:32:29] [C] C3_crossdef iter=66 score=0.893 survival=0.900 clear=0.929 exposure=0.964 plateau=3
[08-22 13:34:29] [C] C3_crossdef iter=67 score=0.896 survival=0.900 clear=0.987 exposure=0.964 plateau=4
[08-22 13:40:30] [C] C3_crossdef iter=70 score=0.895 survival=0.900 clear=0.987 exposure=0.967 plateau=7
[08-22 13:42:30] [C] C3_crossdef iter=71 score=0.906 survival=0.900 clear=0.987 exposure=0.982 plateau=8
[08-22 13:46:30] [C] C3_crossdef iter=75 score=0.914 survival=0.900 clear=0.987 exposure=0.983 plateau=12
[08-22 13:52:30] [C] C3_crossdef iter=79 score=0.908 survival=0.850 clear=0.987 exposure=0.980 plateau=16
[08-22 13:56:31] [C] C3_crossdef iter=82 score=0.908 survival=0.850 clear=0.987 exposure=0.979 plateau=19
[08-22 13:58:31] [C] C3_crossdef iter=83 score=0.911 survival=0.850 clear=0.987 exposure=0.982 plateau=20
[08-22 14:00:31] [C] C3_crossdef iter=86 score=0.933 survival=0.850 clear=1.000 exposure=0.970 plateau=1
[08-22 14:02:31] [C] C3_crossdef iter=88 score=0.913 survival=0.850 clear=1.000 exposure=0.959 plateau=3
[08-22 14:06:31] [C] C3_crossdef iter=91 score=0.900 survival=0.850 clear=0.967 exposure=0.959 plateau=6
[08-22 14:08:31] [C] C3_crossdef iter=92 score=0.902 survival=0.850 clear=0.967 exposure=0.960 plateau=7
[08-22 14:12:31] [C] C3_crossdef iter=96 score=0.839 survival=0.800 clear=0.874 exposure=0.955 plateau=11
[08-22 14:16:32] [C] C3_crossdef iter=100 score=0.828 survival=0.800 clear=0.874 exposure=0.955 plateau=0
[08-22 14:20:32] [C] C3_crossdef iter=103 score=0.850 survival=0.900 clear=0.874 exposure=0.957 plateau=0
[08-22 14:24:32] [C] C3_crossdef iter=106 score=0.840 survival=0.900 clear=0.782 exposure=0.964 plateau=3
[08-22 14:26:32] [C] C3_crossdef iter=107 score=0.835 survival=0.900 clear=0.782 exposure=0.953 plateau=4
[08-22 14:30:33] [C] C3_crossdef iter=110 score=0.847 survival=0.900 clear=0.815 exposure=0.953 plateau=7
[08-22 14:32:33] [C] C3_crossdef iter=111 score=0.845 survival=0.900 clear=0.815 exposure=0.954 plateau=8
[08-22 14:36:33] [C] C3_crossdef iter=114 score=0.847 survival=0.900 clear=0.815 exposure=0.954 plateau=11
[08-22 14:38:33] [C] C3_crossdef iter=115 score=0.917 survival=1.000 clear=0.908 exposure=0.963 plateau=0
[08-22 14:42:33] [C] C3_crossdef iter=118 score=0.928 survival=1.000 clear=0.908 exposure=0.963 plateau=0
[08-22 14:44:34] [C] C3_crossdef iter=119 score=0.929 survival=1.000 clear=0.908 exposure=0.964 plateau=0
[08-22 14:48:34] [C] C3_crossdef iter=122 score=0.927 survival=1.000 clear=0.908 exposure=0.970 plateau=3
[08-22 14:50:34] [C] C3_crossdef iter=123 score=0.928 survival=1.000 clear=0.908 exposure=0.974 plateau=4
[08-22 14:52:34] [C] C3_crossdef iter=125 score=0.963 survival=1.000 clear=1.000 exposure=0.973 plateau=0
[08-22 14:56:35] [C] C3_crossdef iter=127 score=0.966 survival=1.000 clear=0.999 exposure=0.989 plateau=0
[08-22 14:58:35] [C] C3_crossdef iter=129 score=0.950 survival=0.950 clear=0.999 exposure=0.986 plateau=2
[08-22 15:02:35] [C] C3_crossdef iter=131 score=0.949 survival=0.950 clear=0.999 exposure=0.985 plateau=4
[08-22 15:06:35] [C] C3_crossdef iter=134 score=0.952 survival=0.950 clear=0.999 exposure=0.986 plateau=7
[08-22 15:10:36] [C] C3_crossdef iter=135 score=0.959 survival=0.950 clear=0.999 exposure=0.988 plateau=8
[08-22 15:14:36] [C] C3_crossdef iter=139 score=0.959 survival=0.950 clear=0.999 exposure=0.984 plateau=12
[08-22 15:16:36] [C] C3_crossdef iter=140 score=0.962 survival=0.950 clear=0.999 exposure=0.983 plateau=13
[08-22 15:20:36] [C] C3_crossdef iter=143 score=0.964 survival=0.950 clear=0.999 exposure=0.983 plateau=16
[08-22 15:26:37] [C] C3_crossdef iter=147 score=0.964 survival=0.950 clear=0.999 exposure=0.982 plateau=20
[08-22 15:32:37] [C] C3_crossdef iter=151 score=0.964 survival=0.950 clear=1.000 exposure=0.981 plateau=24
[08-22 15:34:37] [C] C3_crossdef iter=153 score=0.982 survival=1.000 clear=1.000 exposure=0.983 plateau=0
[08-22 15:36:37] [C] C3_crossdef iter=155 score=0.970 survival=1.000 clear=1.000 exposure=0.984 plateau=2
[08-22 15:40:38] [C] C3_crossdef iter=157 score=0.967 survival=1.000 clear=1.000 exposure=0.984 plateau=4
[08-22 15:42:38] [C] C3_crossdef iter=159 score=0.954 survival=1.000 clear=1.000 exposure=0.982 plateau=6
[08-22 15:46:38] [C] C3_crossdef iter=161 score=0.952 survival=1.000 clear=1.000 exposure=0.984 plateau=8
[08-22 15:48:38] [C] C3_crossdef iter=163 score=0.952 survival=1.000 clear=1.000 exposure=0.985 plateau=10
[08-22 15:50:38] [C] C3_crossdef iter=165 score=0.947 survival=1.000 clear=1.000 exposure=0.984 plateau=12
[08-22 15:54:38] [C] C3_crossdef iter=167 score=0.943 survival=1.000 clear=1.000 exposure=0.980 plateau=14
[08-22 15:56:38] [C] C3_crossdef iter=169 score=0.944 survival=1.000 clear=1.000 exposure=0.981 plateau=16
[08-22 16:00:39] [C] C3_crossdef iter=171 score=0.939 survival=1.000 clear=1.000 exposure=0.982 plateau=18
[08-22 16:02:39] [C] C3_crossdef iter=173 score=0.930 survival=1.000 clear=1.000 exposure=0.982 plateau=20
[08-22 16:04:39] [C] C3_crossdef iter=175 score=0.946 survival=1.000 clear=1.000 exposure=0.983 plateau=22
[08-22 16:08:39] [C] C3_crossdef iter=177 score=0.945 survival=1.000 clear=1.000 exposure=0.982 plateau=24
[08-22 16:10:39] [C] C3_crossdef iter=179 score=0.958 survival=1.000 clear=1.000 exposure=0.985 plateau=26
[08-22 16:10:39] [C] C3_crossdef qualified and plateaued; requesting graceful stop at iter=179
[08-22 16:11:57] [C] C3_crossdef promoted from peak iter=153.0 score=0.982079018681515 bundle=C:\Users\JUN\Desktop\airop\Release_260722_plz\artifacts\models\team01\C3_crossdef\bundle_000150
[08-22 16:11:57] [C] C4_crossdef launch (peak-bundle transfer, cap=300, min=100) <- C:\Users\JUN\Desktop\airop\Release_260722_plz\artifacts\models\team01\C3_crossdef\bundle_000150
[08-22 16:33:50] [C] C-series start: stages=C4,C5 min=100 b-min=80 plateau=25 threshold=0.72 parent=C:\Users\JUN\Desktop\airop\Release_260722_plz\artifacts\models\team01\C4_crossdef\bundle_000010
[08-22 16:33:50] [C] C4_crossdef launch (peak-bundle transfer, cap=300, min=100) <- C:\Users\JUN\Desktop\airop\Release_260722_plz\artifacts\models\team01\C4_crossdef\bundle_000010
[08-22 17:01:51] [C] C4_crossdef iter=26 score=0.853 survival=0.850 clear=0.866 exposure=0.979 plateau=0
[08-22 17:05:51] [C] C4_crossdef iter=29 score=0.853 survival=0.850 clear=0.866 exposure=0.980 plateau=0
[08-22 17:07:51] [C] C4_crossdef iter=30 score=0.797 survival=0.750 clear=0.768 exposure=0.977 plateau=1
[08-22 17:09:52] [C] C4_crossdef iter=33 score=0.797 survival=0.750 clear=0.768 exposure=0.977 plateau=4
[08-22 17:11:52] [C] C4_crossdef iter=34 score=0.795 survival=0.750 clear=0.768 exposure=0.973 plateau=5
[08-22 17:13:52] [C] C4_crossdef iter=36 score=0.714 survival=0.650 clear=0.668 exposure=0.969 plateau=7
[08-22 17:15:52] [C] C4_crossdef iter=37 score=0.713 survival=0.650 clear=0.668 exposure=0.970 plateau=8
[08-22 17:17:52] [C] C4_crossdef iter=40 score=0.793 survival=0.750 clear=0.768 exposure=0.982 plateau=11
[08-22 17:19:52] [C] C4_crossdef iter=41 score=0.794 survival=0.750 clear=0.768 exposure=0.982 plateau=12
[08-22 17:21:52] [C] C4_crossdef iter=44 score=0.751 survival=0.700 clear=0.709 exposure=0.982 plateau=15
[08-22 17:25:52] [C] C4_crossdef iter=47 score=0.748 survival=0.700 clear=0.709 exposure=0.981 plateau=18
[08-22 17:27:52] [C] C4_crossdef iter=48 score=0.818 survival=0.800 clear=0.807 exposure=0.981 plateau=19
[08-22 17:31:53] [C] C4_crossdef iter=52 score=0.819 survival=0.800 clear=0.807 exposure=0.985 plateau=23
[08-22 17:35:53] [C] C4_crossdef iter=55 score=0.893 survival=0.900 clear=0.907 exposure=0.981 plateau=0
[08-22 17:37:53] [C] C4_crossdef iter=56 score=0.892 survival=0.900 clear=0.907 exposure=0.979 plateau=1
[08-22 17:39:53] [C] C4_crossdef iter=59 score=0.892 survival=0.900 clear=0.907 exposure=0.976 plateau=4
[08-22 17:41:53] [C] C4_crossdef iter=60 score=0.888 survival=0.900 clear=0.907 exposure=0.974 plateau=5
[08-22 17:43:53] [C] C4_crossdef iter=62 score=0.966 survival=1.000 clear=1.000 exposure=0.978 plateau=0
[08-22 17:45:53] [C] C4_crossdef iter=64 score=0.958 survival=1.000 clear=1.000 exposure=0.977 plateau=2
[08-22 17:49:53] [C] C4_crossdef iter=66 score=0.938 survival=1.000 clear=1.000 exposure=0.978 plateau=4
[08-22 17:51:54] [C] C4_crossdef iter=68 score=0.941 survival=1.000 clear=1.000 exposure=0.982 plateau=6
[08-22 17:53:54] [C] C4_crossdef iter=70 score=0.941 survival=1.000 clear=1.000 exposure=0.981 plateau=8
[08-22 17:55:54] [C] C4_crossdef iter=72 score=0.934 survival=1.000 clear=0.978 exposure=0.981 plateau=10
[08-22 17:59:54] [C] C4_crossdef iter=75 score=0.940 survival=1.000 clear=0.978 exposure=0.990 plateau=13
[08-22 18:03:54] [C] C4_crossdef iter=78 score=0.943 survival=1.000 clear=0.978 exposure=0.993 plateau=16
[08-22 18:05:54] [C] C4_crossdef iter=79 score=0.944 survival=1.000 clear=0.978 exposure=0.994 plateau=17
[08-22 18:09:54] [C] C4_crossdef iter=83 score=0.954 survival=1.000 clear=0.978 exposure=0.994 plateau=21
[08-22 18:13:55] [C] C4_crossdef iter=86 score=0.977 survival=1.000 clear=0.978 exposure=0.994 plateau=0
[08-22 18:15:55] [C] C4_crossdef iter=87 score=0.979 survival=1.000 clear=0.978 exposure=0.994 plateau=0
[08-22 18:17:55] [C] C4_crossdef iter=90 score=0.979 survival=1.000 clear=0.978 exposure=0.995 plateau=0
[08-22 18:19:55] [C] C4_crossdef iter=91 score=0.979 survival=1.000 clear=1.000 exposure=0.996 plateau=1
[08-22 18:23:55] [C] C4_crossdef iter=94 score=0.980 survival=1.000 clear=1.000 exposure=0.996 plateau=0
[08-22 18:25:55] [C] C4_crossdef iter=95 score=0.976 survival=1.000 clear=1.000 exposure=0.996 plateau=1
[08-22 18:27:55] [C] C4_crossdef iter=98 score=0.976 survival=1.000 clear=1.000 exposure=0.997 plateau=4
[08-22 18:29:55] [C] C4_crossdef iter=99 score=0.977 survival=1.000 clear=1.000 exposure=0.997 plateau=5
[08-22 18:33:56] [C] C4_crossdef iter=102 score=0.978 survival=1.000 clear=1.000 exposure=0.997 plateau=0
[08-22 18:35:56] [C] C4_crossdef iter=103 score=0.975 survival=1.000 clear=1.000 exposure=0.998 plateau=1
[08-22 18:37:56] [C] C4_crossdef iter=105 score=0.975 survival=1.000 clear=1.000 exposure=0.998 plateau=3
[08-22 18:39:56] [C] C4_crossdef iter=107 score=0.975 survival=1.000 clear=1.000 exposure=0.998 plateau=5
[08-22 18:41:56] [C] C4_crossdef iter=109 score=0.975 survival=1.000 clear=1.000 exposure=0.998 plateau=7
[08-22 18:45:56] [C] C4_crossdef iter=111 score=0.973 survival=1.000 clear=1.000 exposure=0.998 plateau=9
[08-22 18:47:56] [C] C4_crossdef iter=113 score=0.975 survival=1.000 clear=1.000 exposure=0.998 plateau=11
[08-22 18:49:56] [C] C4_crossdef iter=115 score=0.976 survival=1.000 clear=1.000 exposure=0.998 plateau=13
[08-22 18:53:57] [C] C4_crossdef iter=117 score=0.975 survival=1.000 clear=1.000 exposure=0.999 plateau=15
[08-22 18:55:57] [C] C4_crossdef iter=119 score=0.975 survival=1.000 clear=1.000 exposure=0.999 plateau=17
[08-22 18:57:57] [C] C4_crossdef iter=121 score=0.972 survival=1.000 clear=1.000 exposure=0.998 plateau=19
[08-22 18:59:57] [C] C4_crossdef iter=123 score=0.976 survival=1.000 clear=1.000 exposure=0.998 plateau=21
[08-22 19:03:57] [C] C4_crossdef iter=126 score=0.973 survival=1.000 clear=1.000 exposure=0.997 plateau=24
[08-22 19:05:57] [C] C4_crossdef iter=127 score=0.976 survival=1.000 clear=1.000 exposure=0.997 plateau=25
[08-22 19:05:57] [C] C4_crossdef qualified and plateaued; requesting graceful stop at iter=127
[08-22 19:06:25] [C] C4_crossdef promoted from peak iter=102.0 score=0.9782276975656833 bundle=C:\Users\JUN\Desktop\airop\Release_260722_plz\artifacts\models\team01\C4_crossdef\bundle_000100
[08-22 19:06:25] [C] C5_crossdef launch (peak-bundle transfer, cap=300, min=100) <- C:\Users\JUN\Desktop\airop\Release_260722_plz\artifacts\models\team01\C4_crossdef\bundle_000100
[08-22 19:48:28] [C] C5_crossdef iter=37 score=0.867 survival=0.900 clear=0.900 exposure=0.986 plateau=0
[08-22 19:50:28] [C] C5_crossdef iter=39 score=0.865 survival=0.900 clear=0.900 exposure=0.985 plateau=2
[08-22 19:52:28] [C] C5_crossdef iter=41 score=0.870 survival=0.900 clear=0.900 exposure=0.987 plateau=0
[08-22 19:54:28] [C] C5_crossdef iter=43 score=0.871 survival=0.900 clear=0.900 exposure=0.988 plateau=0
[08-22 19:58:28] [C] C5_crossdef iter=45 score=0.876 survival=0.900 clear=0.900 exposure=0.988 plateau=0
[08-22 20:00:28] [C] C5_crossdef iter=47 score=0.875 survival=0.900 clear=0.900 exposure=0.988 plateau=2
[08-22 20:02:28] [C] C5_crossdef iter=49 score=0.892 survival=0.900 clear=0.900 exposure=0.987 plateau=0
[08-22 20:04:28] [C] C5_crossdef iter=51 score=0.903 survival=0.900 clear=0.900 exposure=0.987 plateau=0
[08-22 20:06:28] [C] C5_crossdef iter=53 score=0.904 survival=0.900 clear=0.900 exposure=0.988 plateau=0
[08-22 20:10:29] [C] C5_crossdef iter=55 score=0.904 survival=0.900 clear=0.900 exposure=0.988 plateau=0
[08-22 20:12:29] [C] C5_crossdef iter=57 score=0.983 survival=1.000 clear=1.000 exposure=0.996 plateau=0
[08-22 20:14:29] [C] C5_crossdef iter=59 score=0.982 survival=1.000 clear=1.000 exposure=0.997 plateau=2
[08-22 20:16:29] [C] C5_crossdef iter=61 score=0.981 survival=1.000 clear=1.000 exposure=0.997 plateau=4
[08-22 20:18:29] [C] C5_crossdef iter=63 score=0.981 survival=1.000 clear=1.000 exposure=0.997 plateau=6
[08-22 20:20:29] [C] C5_crossdef iter=65 score=0.981 survival=1.000 clear=1.000 exposure=0.997 plateau=8
[08-22 20:22:29] [C] C5_crossdef iter=67 score=0.981 survival=1.000 clear=1.000 exposure=0.997 plateau=10
[08-22 20:24:29] [C] C5_crossdef iter=69 score=0.960 survival=1.000 clear=1.000 exposure=0.997 plateau=12
[08-22 20:26:29] [C] C5_crossdef iter=70 score=0.936 survival=0.900 clear=1.000 exposure=0.995 plateau=13
[08-22 20:28:29] [C] C5_crossdef iter=71 score=0.927 survival=0.900 clear=1.000 exposure=0.995 plateau=14
[08-22 20:30:30] [C] C5_crossdef iter=74 score=0.922 survival=0.900 clear=1.000 exposure=0.992 plateau=17
[08-22 20:32:30] [C] C5_crossdef iter=75 score=0.925 survival=0.900 clear=1.000 exposure=0.992 plateau=18
[08-22 20:36:30] [C] C5_crossdef iter=79 score=0.931 survival=0.900 clear=1.000 exposure=0.992 plateau=22
[08-22 20:40:30] [C] C5_crossdef iter=83 score=0.929 survival=0.900 clear=1.000 exposure=0.992 plateau=26
[08-22 20:42:30] [C] C5_crossdef iter=85 score=0.852 survival=0.800 clear=0.903 exposure=0.990 plateau=28
[08-22 20:46:30] [C] C5_crossdef iter=87 score=0.876 survival=0.800 clear=0.903 exposure=0.991 plateau=30
[08-22 20:48:30] [C] C5_crossdef iter=89 score=0.897 survival=0.900 clear=0.903 exposure=0.991 plateau=32
[08-22 20:50:30] [C] C5_crossdef iter=91 score=0.903 survival=0.900 clear=0.903 exposure=0.991 plateau=34
[08-22 20:52:31] [C] C5_crossdef iter=93 score=0.885 survival=0.900 clear=0.903 exposure=0.992 plateau=36
[08-22 20:54:31] [C] C5_crossdef iter=95 score=0.883 survival=0.900 clear=0.903 exposure=0.992 plateau=38
[08-22 20:56:31] [C] C5_crossdef iter=97 score=0.877 survival=0.900 clear=0.903 exposure=0.990 plateau=40
[08-22 21:00:31] [C] C5_crossdef iter=99 score=0.875 survival=0.900 clear=0.903 exposure=0.989 plateau=42
[08-22 21:02:31] [C] C5_crossdef iter=101 score=0.876 survival=0.900 clear=0.903 exposure=0.990 plateau=0
[08-22 21:04:31] [C] C5_crossdef iter=103 score=0.879 survival=0.900 clear=0.903 exposure=0.990 plateau=0
[08-22 21:08:31] [C] C5_crossdef iter=105 score=0.956 survival=1.000 clear=1.000 exposure=0.993 plateau=0
[08-22 21:10:32] [C] C5_crossdef iter=107 score=0.956 survival=1.000 clear=1.000 exposure=0.993 plateau=2
[08-22 21:12:32] [C] C5_crossdef iter=109 score=0.959 survival=1.000 clear=1.000 exposure=0.994 plateau=0
[08-22 21:16:32] [C] C5_crossdef iter=111 score=0.960 survival=1.000 clear=1.000 exposure=0.994 plateau=0
[08-22 21:18:32] [C] C5_crossdef iter=113 score=0.983 survival=1.000 clear=1.000 exposure=0.993 plateau=0
[08-22 21:24:32] [C] C5_crossdef iter=118 score=0.963 survival=0.900 clear=1.000 exposure=0.990 plateau=5
[08-22 21:28:32] [C] C5_crossdef iter=121 score=0.885 survival=0.800 clear=0.900 exposure=0.985 plateau=8
[08-22 21:32:33] [C] C5_crossdef iter=124 score=0.882 survival=0.800 clear=0.900 exposure=0.985 plateau=11
[08-22 21:34:33] [C] C5_crossdef iter=125 score=0.885 survival=0.800 clear=0.900 exposure=0.985 plateau=12
[08-22 21:38:33] [C] C5_crossdef iter=128 score=0.880 survival=0.800 clear=0.900 exposure=0.983 plateau=15
[08-22 21:40:33] [C] C5_crossdef iter=129 score=0.880 survival=0.800 clear=0.900 exposure=0.985 plateau=16
[08-22 21:44:33] [C] C5_crossdef iter=132 score=0.878 survival=0.800 clear=0.900 exposure=0.982 plateau=19
[08-22 21:46:33] [C] C5_crossdef iter=133 score=0.878 survival=0.800 clear=0.900 exposure=0.984 plateau=20
[08-22 21:50:33] [C] C5_crossdef iter=136 score=0.859 survival=0.750 clear=0.900 exposure=0.984 plateau=23
[08-22 21:54:34] [C] C5_crossdef iter=140 score=0.880 survival=0.850 clear=0.900 exposure=0.988 plateau=27
[08-22 22:00:34] [C] C5_crossdef iter=144 score=0.960 survival=0.950 clear=1.000 exposure=0.992 plateau=31
[08-22 22:00:34] [C] C5_crossdef qualified and plateaued; requesting graceful stop at iter=144
[08-22 22:01:01] [C] C5_crossdef below gate; starting one full-state continuation as C5_crossdefb
[08-22 22:01:01] [C] C5_crossdefb launch (full-state continuation, cap=220, min=80) <- C:\Users\JUN\Desktop\airop\Release_260722_plz\artifacts\checkpoints\team01\C5_crossdef\checkpoint_final
[08-22 22:29:02] [C] C5_crossdefb iter=23 score=0.773 survival=0.850 clear=0.902 exposure=0.962 plateau=0
[08-22 22:33:02] [C] C5_crossdefb iter=26 score=0.773 survival=0.850 clear=0.902 exposure=0.963 plateau=3
[08-22 22:35:02] [C] C5_crossdefb iter=27 score=0.787 survival=0.850 clear=0.902 exposure=0.961 plateau=0
[08-22 22:37:02] [C] C5_crossdefb iter=30 score=0.864 survival=0.950 clear=1.000 exposure=0.965 plateau=0
[08-22 22:39:02] [C] C5_crossdefb iter=31 score=0.867 survival=0.950 clear=1.000 exposure=0.969 plateau=0
[08-22 22:43:03] [C] C5_crossdefb iter=35 score=0.890 survival=0.950 clear=0.954 exposure=0.966 plateau=0
[08-22 22:47:03] [C] C5_crossdefb iter=38 score=0.910 survival=0.950 clear=0.954 exposure=0.966 plateau=0
[08-22 22:49:03] [C] C5_crossdefb iter=39 score=0.884 survival=0.950 clear=0.863 exposure=0.968 plateau=1
[08-22 22:51:03] [C] C5_crossdefb iter=42 score=0.906 survival=1.000 clear=0.863 exposure=0.972 plateau=4
[08-22 22:53:03] [C] C5_crossdefb iter=43 score=0.909 survival=1.000 clear=0.863 exposure=0.978 plateau=5
[08-22 22:57:03] [C] C5_crossdefb iter=46 score=0.893 survival=1.000 clear=0.863 exposure=0.979 plateau=8
[08-22 22:59:03] [C] C5_crossdefb iter=47 score=0.891 survival=1.000 clear=0.863 exposure=0.980 plateau=9
[08-22 23:01:03] [C] C5_crossdefb iter=50 score=0.870 survival=1.000 clear=0.801 exposure=0.983 plateau=12
[08-22 23:03:04] [C] C5_crossdefb iter=51 score=0.849 survival=1.000 clear=0.801 exposure=0.981 plateau=13
[08-22 23:07:04] [C] C5_crossdefb iter=55 score=0.846 survival=1.000 clear=0.836 exposure=0.984 plateau=17
[08-22 23:11:04] [C] C5_crossdefb iter=58 score=0.829 survival=1.000 clear=0.817 exposure=0.982 plateau=20
[08-22 23:13:04] [C] C5_crossdefb iter=59 score=0.855 survival=1.000 clear=0.909 exposure=0.986 plateau=21
[08-22 23:15:04] [C] C5_crossdefb iter=61 score=0.773 survival=0.900 clear=0.810 exposure=0.966 plateau=23
[08-22 23:17:04] [C] C5_crossdefb iter=62 score=0.761 survival=0.900 clear=0.810 exposure=0.970 plateau=24
[08-22 23:19:04] [C] C5_crossdefb iter=65 score=0.777 survival=0.900 clear=0.810 exposure=0.969 plateau=27
[08-22 23:21:04] [C] C5_crossdefb iter=66 score=0.781 survival=0.900 clear=0.810 exposure=0.970 plateau=28
[08-22 23:25:05] [C] C5_crossdefb iter=69 score=0.795 survival=0.900 clear=0.872 exposure=0.970 plateau=31
[08-22 23:27:05] [C] C5_crossdefb iter=70 score=0.813 survival=0.900 clear=0.872 exposure=0.970 plateau=32
[08-22 23:29:05] [C] C5_crossdefb iter=73 score=0.811 survival=0.900 clear=0.872 exposure=0.970 plateau=35
[08-22 23:31:05] [C] C5_crossdefb iter=74 score=0.836 survival=0.900 clear=0.883 exposure=0.972 plateau=36
[08-22 23:35:05] [C] C5_crossdefb iter=77 score=0.845 survival=0.900 clear=0.902 exposure=0.975 plateau=39
[08-22 23:37:05] [C] C5_crossdefb iter=78 score=0.864 survival=0.900 clear=0.902 exposure=0.975 plateau=40
[08-22 23:39:05] [C] C5_crossdefb iter=81 score=0.922 survival=1.000 clear=1.000 exposure=0.993 plateau=0
[08-22 23:41:05] [C] C5_crossdefb iter=82 score=0.937 survival=1.000 clear=1.000 exposure=0.993 plateau=0
[08-22 23:45:05] [C] C5_crossdefb iter=85 score=0.937 survival=1.000 clear=1.000 exposure=0.993 plateau=3
[08-22 23:47:06] [C] C5_crossdefb iter=86 score=0.938 survival=1.000 clear=1.000 exposure=0.993 plateau=0
[08-22 23:51:06] [C] C5_crossdefb iter=90 score=0.905 survival=1.000 clear=0.901 exposure=0.988 plateau=4
[08-22 23:55:06] [C] C5_crossdefb iter=93 score=0.883 survival=1.000 clear=0.901 exposure=0.986 plateau=7
[08-22 23:57:06] [C] C5_crossdefb iter=94 score=0.875 survival=1.000 clear=0.901 exposure=0.986 plateau=8
[08-23 00:01:06] [C] C5_crossdefb iter=98 score=0.865 survival=1.000 clear=0.901 exposure=0.986 plateau=12
[08-23 00:05:07] [C] C5_crossdefb iter=101 score=0.867 survival=1.000 clear=0.901 exposure=0.986 plateau=15
[08-23 00:07:07] [C] C5_crossdefb iter=102 score=0.865 survival=1.000 clear=0.901 exposure=0.986 plateau=16
[08-23 00:11:07] [C] C5_crossdefb iter=105 score=0.851 survival=1.000 clear=0.860 exposure=0.982 plateau=19
[08-23 00:13:07] [C] C5_crossdefb iter=106 score=0.848 survival=1.000 clear=0.860 exposure=0.983 plateau=20
[08-23 00:19:07] [C] C5_crossdefb iter=109 score=0.885 survival=1.000 clear=0.959 exposure=0.989 plateau=23
[08-23 00:21:08] [C] C5_crossdefb iter=110 score=0.887 survival=1.000 clear=0.959 exposure=0.989 plateau=24
[08-23 00:25:08] [C] C5_crossdefb iter=113 score=0.907 survival=1.000 clear=0.959 exposure=0.987 plateau=27
[08-23 00:25:08] [C] C5_crossdefb qualified and plateaued; requesting graceful stop at iter=113
[08-23 00:27:28] [C] C5_crossdefb promoted from peak iter=86.0 score=0.93788908855692 bundle=C:\Users\JUN\Desktop\airop\Release_260722_plz\artifacts\models\team01\C5_crossdefb\bundle_000080
[08-23 00:27:28] [C] C-series orchestrator finished; final parent=C:\Users\JUN\Desktop\airop\Release_260722_plz\artifacts\models\team01\C5_crossdefb\bundle_000080
