[08-23 12:59:20] [F-transfer] F-transfer start: stages=F1,F2,F3,F4,F5 min=100 continuation-min=80 plateau=25 threshold=0.82 parent=C:\Users\JUN\Desktop\airop\Release_260722_plz\artifacts\models\team01\B7_bridge\bundle_000140
[08-23 12:59:20] [F-transfer] F1_transfer launch (peak-bundle transfer, cap=300, min=100) <- C:\Users\JUN\Desktop\airop\Release_260722_plz\artifacts\models\team01\B7_bridge\bundle_000140
[08-23 13:37:22] [F-transfer] F1_transfer iter=36 score=0.852 transfer=1.000 dwell=1.000 threat=1.000 incoming=0.953 survival=0.650 offense=0.000 cross_diag=0.000 plateau=0
[08-23 13:43:22] [F-transfer] F1_transfer iter=40 score=0.867 transfer=1.000 dwell=0.971 threat=1.000 incoming=0.953 survival=0.750 offense=0.000 cross_diag=0.000 plateau=0
[08-23 13:47:23] [F-transfer] F1_transfer iter=44 score=0.883 transfer=1.000 dwell=0.971 threat=1.000 incoming=0.953 survival=0.850 offense=0.000 cross_diag=0.000 plateau=0
[08-23 13:51:23] [F-transfer] F1_transfer iter=48 score=0.899 transfer=1.000 dwell=0.971 threat=1.000 incoming=0.953 survival=0.950 offense=0.000 cross_diag=0.000 plateau=0
[08-23 13:57:23] [F-transfer] F1_transfer iter=52 score=0.906 transfer=1.000 dwell=0.971 threat=1.000 incoming=0.953 survival=0.950 offense=0.100 cross_diag=0.000 plateau=0
[08-23 14:01:23] [F-transfer] F1_transfer iter=56 score=0.909 transfer=1.000 dwell=0.971 threat=1.000 incoming=0.953 survival=0.950 offense=0.142 cross_diag=0.000 plateau=0
[08-23 14:05:23] [F-transfer] F1_transfer iter=60 score=0.906 transfer=1.000 dwell=0.971 threat=1.000 incoming=0.953 survival=0.900 offense=0.242 cross_diag=0.000 plateau=4
[08-23 14:09:24] [F-transfer] F1_transfer iter=63 score=0.905 transfer=1.000 dwell=0.971 threat=1.000 incoming=0.953 survival=0.900 offense=0.242 cross_diag=0.000 plateau=7
[08-23 14:11:24] [F-transfer] F1_transfer iter=64 score=0.907 transfer=1.000 dwell=0.971 threat=1.000 incoming=0.953 survival=0.900 offense=0.293 cross_diag=0.000 plateau=8
[08-23 14:13:24] [F-transfer] F1_transfer iter=67 score=0.919 transfer=1.000 dwell=0.971 threat=1.000 incoming=1.000 survival=0.900 offense=0.293 cross_diag=0.000 plateau=0
[08-23 14:15:24] [F-transfer] F1_transfer iter=68 score=0.920 transfer=1.000 dwell=1.000 threat=1.000 incoming=1.000 survival=0.900 offense=0.293 cross_diag=0.000 plateau=0
[08-23 14:19:24] [F-transfer] F1_transfer iter=72 score=0.922 transfer=1.000 dwell=1.000 threat=1.000 incoming=1.000 survival=0.900 offense=0.318 cross_diag=0.000 plateau=0
[08-23 14:23:24] [F-transfer] F1_transfer iter=75 score=0.916 transfer=1.000 dwell=1.000 threat=1.000 incoming=1.000 survival=0.900 offense=0.218 cross_diag=0.000 plateau=3
[08-23 14:25:24] [F-transfer] F1_transfer iter=76 score=0.913 transfer=1.000 dwell=1.000 threat=1.000 incoming=1.000 survival=0.900 offense=0.176 cross_diag=0.000 plateau=4
[08-23 14:29:25] [F-transfer] F1_transfer iter=80 score=0.924 transfer=1.000 dwell=1.000 threat=1.000 incoming=1.000 survival=1.000 offense=0.076 cross_diag=0.000 plateau=1
[08-23 14:33:25] [F-transfer] F1_transfer iter=83 score=0.926 transfer=1.000 dwell=1.000 threat=1.000 incoming=1.000 survival=1.000 offense=0.076 cross_diag=0.000 plateau=4
[08-23 14:35:25] [F-transfer] F1_transfer iter=84 score=0.923 transfer=1.000 dwell=1.000 threat=1.000 incoming=1.000 survival=1.000 offense=0.025 cross_diag=0.000 plateau=5
[08-23 14:39:25] [F-transfer] F1_transfer iter=88 score=0.926 transfer=1.000 dwell=1.000 threat=1.000 incoming=1.000 survival=1.000 offense=0.103 cross_diag=0.000 plateau=9
[08-23 14:43:25] [F-transfer] F1_transfer iter=91 score=0.926 transfer=1.000 dwell=1.000 threat=1.000 incoming=1.000 survival=1.000 offense=0.103 cross_diag=0.000 plateau=12
[08-23 14:45:25] [F-transfer] F1_transfer iter=92 score=0.924 transfer=1.000 dwell=1.000 threat=1.000 incoming=1.000 survival=1.000 offense=0.079 cross_diag=0.000 plateau=13
[08-23 14:47:25] [F-transfer] F1_transfer iter=95 score=0.927 transfer=1.000 dwell=1.000 threat=1.000 incoming=1.000 survival=1.000 offense=0.133 cross_diag=0.000 plateau=16
[08-23 14:49:25] [F-transfer] F1_transfer iter=96 score=0.933 transfer=1.000 dwell=1.000 threat=1.000 incoming=1.000 survival=1.000 offense=0.233 cross_diag=0.000 plateau=0
[08-23 14:53:26] [F-transfer] F1_transfer iter=100 score=0.941 transfer=1.000 dwell=1.000 threat=1.000 incoming=1.000 survival=1.000 offense=0.373 cross_diag=0.000 plateau=0
[08-23 14:59:26] [F-transfer] F1_transfer iter=104 score=0.941 transfer=1.000 dwell=1.000 threat=1.000 incoming=1.000 survival=1.000 offense=0.388 cross_diag=0.000 plateau=0
[08-23 15:03:26] [F-transfer] F1_transfer iter=107 score=0.943 transfer=1.000 dwell=1.000 threat=1.000 incoming=1.000 survival=1.000 offense=0.409 cross_diag=0.000 plateau=0
[08-23 15:05:26] [F-transfer] F1_transfer iter=108 score=0.943 transfer=1.000 dwell=1.000 threat=1.000 incoming=1.000 survival=1.000 offense=0.409 cross_diag=0.000 plateau=0
[08-23 15:09:26] [F-transfer] F1_transfer iter=112 score=0.947 transfer=1.000 dwell=1.000 threat=1.000 incoming=1.000 survival=1.000 offense=0.470 cross_diag=0.000 plateau=0
[08-23 15:13:27] [F-transfer] F1_transfer iter=115 score=0.948 transfer=1.000 dwell=1.000 threat=1.000 incoming=1.000 survival=1.000 offense=0.494 cross_diag=0.000 plateau=0
[08-23 15:15:27] [F-transfer] F1_transfer iter=116 score=0.946 transfer=1.000 dwell=1.000 threat=1.000 incoming=1.000 survival=1.000 offense=0.467 cross_diag=0.000 plateau=1
[08-23 15:19:27] [F-transfer] F1_transfer iter=120 score=0.943 transfer=1.000 dwell=1.000 threat=1.000 incoming=1.000 survival=1.000 offense=0.426 cross_diag=0.000 plateau=5
[08-23 15:23:27] [F-transfer] F1_transfer iter=123 score=0.944 transfer=1.000 dwell=1.000 threat=1.000 incoming=1.000 survival=1.000 offense=0.426 cross_diag=0.000 plateau=8
[08-23 15:25:27] [F-transfer] F1_transfer iter=124 score=0.949 transfer=1.000 dwell=1.000 threat=1.000 incoming=1.000 survival=1.000 offense=0.512 cross_diag=0.000 plateau=0
[08-23 15:29:27] [F-transfer] F1_transfer iter=128 score=0.951 transfer=1.000 dwell=1.000 threat=1.000 incoming=1.000 survival=1.000 offense=0.544 cross_diag=0.000 plateau=0
[08-23 15:33:28] [F-transfer] F1_transfer iter=131 score=0.953 transfer=1.000 dwell=1.000 threat=1.000 incoming=1.000 survival=1.000 offense=0.583 cross_diag=0.000 plateau=0
[08-23 15:35:28] [F-transfer] F1_transfer iter=132 score=0.957 transfer=1.000 dwell=1.000 threat=1.000 incoming=1.000 survival=1.000 offense=0.640 cross_diag=0.000 plateau=0
[08-23 15:39:28] [F-transfer] F1_transfer iter=135 score=0.958 transfer=1.000 dwell=1.000 threat=1.000 incoming=1.000 survival=1.000 offense=0.661 cross_diag=0.000 plateau=0
[08-23 15:41:28] [F-transfer] F1_transfer iter=136 score=0.952 transfer=1.000 dwell=1.000 threat=1.000 incoming=1.000 survival=1.000 offense=0.589 cross_diag=0.000 plateau=1
[08-23 15:43:28] [F-transfer] F1_transfer iter=139 score=0.958 transfer=1.000 dwell=1.000 threat=1.000 incoming=1.000 survival=1.000 offense=0.689 cross_diag=0.000 plateau=1
[08-23 15:47:28] [F-transfer] F1_transfer iter=142 score=0.963 transfer=1.000 dwell=1.000 threat=1.000 incoming=1.000 survival=1.000 offense=0.789 cross_diag=0.000 plateau=1
[08-23 15:51:29] [F-transfer] F1_transfer iter=145 score=0.963 transfer=1.000 dwell=1.000 threat=1.000 incoming=1.000 survival=1.000 offense=0.789 cross_diag=0.000 plateau=4
[08-23 15:53:29] [F-transfer] F1_transfer iter=146 score=0.967 transfer=1.000 dwell=1.000 threat=1.000 incoming=1.000 survival=1.000 offense=0.851 cross_diag=0.000 plateau=0
[08-23 15:55:29] [F-transfer] F1_transfer iter=148 score=0.966 transfer=1.000 dwell=1.000 threat=1.000 incoming=1.000 survival=1.000 offense=0.851 cross_diag=0.000 plateau=2
[08-23 15:57:29] [F-transfer] F1_transfer iter=149 score=0.969 transfer=1.000 dwell=1.000 threat=1.000 incoming=1.000 survival=1.000 offense=0.895 cross_diag=0.000 plateau=0
[08-23 16:01:29] [F-transfer] F1_transfer iter=153 score=0.976 transfer=1.000 dwell=1.000 threat=1.000 incoming=1.000 survival=1.000 offense=0.995 cross_diag=0.000 plateau=0
[08-23 16:05:29] [F-transfer] F1_transfer iter=156 score=0.970 transfer=1.000 dwell=1.000 threat=1.000 incoming=1.000 survival=1.000 offense=0.895 cross_diag=0.000 plateau=3
[08-23 16:07:29] [F-transfer] F1_transfer iter=157 score=0.965 transfer=1.000 dwell=1.000 threat=1.000 incoming=1.000 survival=1.000 offense=0.795 cross_diag=0.000 plateau=4
[08-23 16:11:30] [F-transfer] F1_transfer iter=160 score=0.964 transfer=1.000 dwell=1.000 threat=1.000 incoming=1.000 survival=1.000 offense=0.768 cross_diag=0.000 plateau=7
[08-23 16:13:30] [F-transfer] F1_transfer iter=161 score=0.964 transfer=1.000 dwell=1.000 threat=1.000 incoming=1.000 survival=1.000 offense=0.768 cross_diag=0.000 plateau=8
[08-23 16:17:30] [F-transfer] F1_transfer iter=165 score=0.956 transfer=1.000 dwell=1.000 threat=1.000 incoming=1.000 survival=1.000 offense=0.619 cross_diag=0.000 plateau=12
[08-23 16:21:30] [F-transfer] F1_transfer iter=168 score=0.956 transfer=1.000 dwell=1.000 threat=1.000 incoming=1.000 survival=1.000 offense=0.619 cross_diag=0.000 plateau=15
[08-23 16:23:30] [F-transfer] F1_transfer iter=169 score=0.957 transfer=1.000 dwell=1.000 threat=1.000 incoming=1.000 survival=1.000 offense=0.619 cross_diag=0.000 plateau=16
[08-23 16:25:30] [F-transfer] F1_transfer iter=171 score=0.957 transfer=1.000 dwell=1.000 threat=1.000 incoming=1.000 survival=1.000 offense=0.619 cross_diag=0.000 plateau=18
[08-23 16:27:30] [F-transfer] F1_transfer iter=172 score=0.957 transfer=1.000 dwell=1.000 threat=1.000 incoming=1.000 survival=1.000 offense=0.619 cross_diag=0.000 plateau=19
[08-23 16:31:31] [F-transfer] F1_transfer iter=175 score=0.963 transfer=1.000 dwell=1.000 threat=1.000 incoming=1.000 survival=1.000 offense=0.719 cross_diag=0.000 plateau=22
[08-23 16:37:31] [F-transfer] F1_transfer iter=179 score=0.969 transfer=1.000 dwell=1.000 threat=1.000 incoming=1.000 survival=1.000 offense=0.819 cross_diag=0.000 plateau=26
[08-23 16:37:31] [F-transfer] F1_transfer qualified and plateaued; requesting graceful stop at iter=179
[08-23 16:38:48] [F-transfer] F1_transfer promoted from peak iter=153.0 score=0.9757826054781912 bundle=C:\Users\JUN\Desktop\airop\Release_260722_plz\artifacts\models\team01\F1_transfer\bundle_000150
[08-23 16:38:48] [F-transfer] F2_transfer launch (peak-bundle transfer, cap=300, min=100) <- C:\Users\JUN\Desktop\airop\Release_260722_plz\artifacts\models\team01\F1_transfer\bundle_000150
[08-23 17:22:50] [F-transfer] F2_transfer iter=39 score=0.721 transfer=1.000 dwell=1.000 threat=0.990 incoming=0.270 survival=0.950 offense=0.018 cross_diag=0.000 plateau=0
[08-23 17:26:50] [F-transfer] F2_transfer iter=43 score=0.724 transfer=1.000 dwell=1.000 threat=0.990 incoming=0.280 survival=0.950 offense=0.018 cross_diag=0.000 plateau=0
[08-23 17:32:50] [F-transfer] F2_transfer iter=47 score=0.712 transfer=1.000 dwell=1.000 threat=0.990 incoming=0.236 survival=0.950 offense=0.000 cross_diag=0.000 plateau=4
[08-23 17:36:51] [F-transfer] F2_transfer iter=51 score=0.717 transfer=1.000 dwell=1.000 threat=0.990 incoming=0.259 survival=0.950 offense=0.000 cross_diag=0.000 plateau=8
[08-23 17:40:51] [F-transfer] F2_transfer iter=55 score=0.717 transfer=1.000 dwell=1.000 threat=0.989 incoming=0.259 survival=0.950 offense=0.000 cross_diag=0.000 plateau=12
[08-23 17:46:51] [F-transfer] F2_transfer iter=59 score=0.717 transfer=1.000 dwell=1.000 threat=0.989 incoming=0.259 survival=0.950 offense=0.000 cross_diag=0.000 plateau=16
[08-23 17:50:51] [F-transfer] F2_transfer iter=63 score=0.717 transfer=1.000 dwell=1.000 threat=0.988 incoming=0.259 survival=0.950 offense=0.000 cross_diag=0.000 plateau=20
[08-23 17:56:52] [F-transfer] F2_transfer iter=67 score=0.700 transfer=1.000 dwell=1.000 threat=0.988 incoming=0.190 survival=0.950 offense=0.000 cross_diag=0.000 plateau=24
[08-23 18:02:52] [F-transfer] F2_transfer iter=71 score=0.676 transfer=1.000 dwell=1.000 threat=0.988 incoming=0.090 survival=0.950 offense=0.000 cross_diag=0.000 plateau=28
[08-23 18:08:52] [F-transfer] F2_transfer iter=75 score=0.676 transfer=1.000 dwell=1.000 threat=0.988 incoming=0.090 survival=0.950 offense=0.000 cross_diag=0.000 plateau=32
[08-23 18:14:53] [F-transfer] F2_transfer iter=79 score=0.683 transfer=1.000 dwell=1.000 threat=0.988 incoming=0.090 survival=1.000 offense=0.000 cross_diag=0.000 plateau=36
[08-23 18:18:53] [F-transfer] F2_transfer iter=83 score=0.682 transfer=1.000 dwell=1.000 threat=0.988 incoming=0.079 survival=1.000 offense=0.024 cross_diag=0.000 plateau=40
[08-23 18:24:53] [F-transfer] F2_transfer iter=87 score=0.669 transfer=1.000 dwell=1.000 threat=0.988 incoming=0.023 survival=1.000 offense=0.035 cross_diag=0.000 plateau=44
[08-23 18:28:53] [F-transfer] F2_transfer iter=92 score=0.656 transfer=1.000 dwell=1.000 threat=0.981 incoming=0.019 survival=0.900 offense=0.111 cross_diag=0.000 plateau=49
[08-23 18:34:54] [F-transfer] F2_transfer iter=95 score=0.660 transfer=1.000 dwell=1.000 threat=0.982 incoming=0.019 survival=0.900 offense=0.176 cross_diag=0.000 plateau=52
[08-23 18:36:54] [F-transfer] F2_transfer iter=96 score=0.665 transfer=1.000 dwell=1.000 threat=0.982 incoming=0.019 survival=0.900 offense=0.254 cross_diag=0.000 plateau=53
[08-23 18:40:54] [F-transfer] F2_transfer iter=99 score=0.664 transfer=1.000 dwell=1.000 threat=0.980 incoming=0.019 survival=0.900 offense=0.254 cross_diag=0.000 plateau=56
[08-23 18:42:55] [F-transfer] F2_transfer iter=100 score=0.688 transfer=1.000 dwell=1.000 threat=0.980 incoming=0.118 survival=0.900 offense=0.254 cross_diag=0.000 plateau=0
[08-23 18:46:55] [F-transfer] F2_transfer iter=103 score=0.688 transfer=1.000 dwell=1.000 threat=0.980 incoming=0.118 survival=0.900 offense=0.254 cross_diag=0.000 plateau=0
[08-23 18:48:55] [F-transfer] F2_transfer iter=104 score=0.713 transfer=1.000 dwell=1.000 threat=0.980 incoming=0.218 survival=0.900 offense=0.254 cross_diag=0.000 plateau=0
[08-23 18:50:55] [F-transfer] F2_transfer iter=106 score=0.692 transfer=1.000 dwell=0.970 threat=0.976 incoming=0.218 survival=0.800 offense=0.230 cross_diag=0.000 plateau=2
[08-23 18:52:55] [F-transfer] F2_transfer iter=107 score=0.716 transfer=1.000 dwell=0.970 threat=0.975 incoming=0.316 survival=0.800 offense=0.236 cross_diag=0.000 plateau=0
[08-23 18:56:55] [F-transfer] F2_transfer iter=110 score=0.707 transfer=1.000 dwell=0.970 threat=0.976 incoming=0.297 survival=0.800 offense=0.160 cross_diag=0.000 plateau=3
[08-23 18:58:56] [F-transfer] F2_transfer iter=111 score=0.726 transfer=1.000 dwell=0.970 threat=0.983 incoming=0.297 survival=0.900 offense=0.187 cross_diag=0.000 plateau=0
[08-23 19:02:56] [F-transfer] F2_transfer iter=114 score=0.752 transfer=1.000 dwell=0.970 threat=0.983 incoming=0.397 survival=0.900 offense=0.215 cross_diag=0.000 plateau=0
[08-23 19:04:56] [F-transfer] F2_transfer iter=115 score=0.749 transfer=1.000 dwell=0.970 threat=0.983 incoming=0.397 survival=0.900 offense=0.163 cross_diag=0.000 plateau=1
[08-23 19:08:56] [F-transfer] F2_transfer iter=118 score=0.749 transfer=1.000 dwell=0.970 threat=0.985 incoming=0.397 survival=0.900 offense=0.163 cross_diag=0.000 plateau=4
[08-23 19:10:56] [F-transfer] F2_transfer iter=119 score=0.725 transfer=1.000 dwell=0.970 threat=0.983 incoming=0.298 survival=0.900 offense=0.163 cross_diag=0.000 plateau=5
[08-23 19:14:57] [F-transfer] F2_transfer iter=122 score=0.750 transfer=1.000 dwell=0.970 threat=0.984 incoming=0.398 survival=0.900 offense=0.179 cross_diag=0.000 plateau=8
[08-23 19:16:57] [F-transfer] F2_transfer iter=123 score=0.753 transfer=1.000 dwell=0.970 threat=0.984 incoming=0.398 survival=0.900 offense=0.227 cross_diag=0.000 plateau=0
[08-23 19:20:57] [F-transfer] F2_transfer iter=126 score=0.772 transfer=1.000 dwell=1.000 threat=0.988 incoming=0.398 survival=1.000 offense=0.227 cross_diag=0.000 plateau=0
[08-23 19:22:57] [F-transfer] F2_transfer iter=127 score=0.771 transfer=1.000 dwell=1.000 threat=0.988 incoming=0.400 survival=1.000 offense=0.210 cross_diag=0.000 plateau=1
[08-23 19:26:57] [F-transfer] F2_transfer iter=131 score=0.794 transfer=1.000 dwell=1.000 threat=0.988 incoming=0.500 survival=1.000 offense=0.183 cross_diag=0.000 plateau=1
[08-23 19:32:58] [F-transfer] F2_transfer iter=135 score=0.763 transfer=1.000 dwell=1.000 threat=0.988 incoming=0.400 survival=1.000 offense=0.064 cross_diag=0.000 plateau=5
[08-23 19:38:58] [F-transfer] F2_transfer iter=139 score=0.791 transfer=1.000 dwell=1.000 threat=0.990 incoming=0.500 survival=1.000 offense=0.129 cross_diag=0.000 plateau=9
[08-23 19:42:58] [F-transfer] F2_transfer iter=142 score=0.766 transfer=1.000 dwell=1.000 threat=0.989 incoming=0.400 survival=1.000 offense=0.113 cross_diag=0.000 plateau=12
[08-23 19:44:58] [F-transfer] F2_transfer iter=143 score=0.747 transfer=1.000 dwell=1.000 threat=0.988 incoming=0.325 survival=1.000 offense=0.092 cross_diag=0.000 plateau=13
[08-23 19:48:59] [F-transfer] F2_transfer iter=146 score=0.747 transfer=1.000 dwell=1.000 threat=0.989 incoming=0.325 survival=1.000 offense=0.092 cross_diag=0.000 plateau=16
[08-23 19:50:59] [F-transfer] F2_transfer iter=147 score=0.726 transfer=1.000 dwell=1.000 threat=0.989 incoming=0.225 survival=1.000 offense=0.135 cross_diag=0.000 plateau=17
[08-23 19:54:59] [F-transfer] F2_transfer iter=150 score=0.711 transfer=1.000 dwell=1.000 threat=0.981 incoming=0.224 survival=0.900 offense=0.189 cross_diag=0.000 plateau=20
[08-23 20:00:59] [F-transfer] F2_transfer iter=154 score=0.711 transfer=1.000 dwell=1.000 threat=0.981 incoming=0.224 survival=0.900 offense=0.189 cross_diag=0.000 plateau=24
[08-23 20:07:00] [F-transfer] F2_transfer iter=158 score=0.684 transfer=1.000 dwell=1.000 threat=0.980 incoming=0.124 survival=0.900 offense=0.151 cross_diag=0.000 plateau=28
[08-23 20:13:00] [F-transfer] F2_transfer iter=161 score=0.684 transfer=1.000 dwell=1.000 threat=0.980 incoming=0.124 survival=0.900 offense=0.151 cross_diag=0.000 plateau=31
[08-23 20:15:00] [F-transfer] F2_transfer iter=162 score=0.677 transfer=1.000 dwell=1.000 threat=0.981 incoming=0.099 survival=0.900 offense=0.124 cross_diag=0.000 plateau=32
[08-23 20:21:01] [F-transfer] F2_transfer iter=165 score=0.706 transfer=1.000 dwell=1.000 threat=0.982 incoming=0.199 survival=0.900 offense=0.213 cross_diag=0.000 plateau=35
[08-23 20:23:01] [F-transfer] F2_transfer iter=166 score=0.704 transfer=1.000 dwell=1.000 threat=0.982 incoming=0.199 survival=0.900 offense=0.186 cross_diag=0.000 plateau=36
[08-23 20:29:01] [F-transfer] F2_transfer iter=170 score=0.715 transfer=1.000 dwell=1.000 threat=0.990 incoming=0.181 survival=1.000 offense=0.133 cross_diag=0.000 plateau=40
[08-23 20:35:02] [F-transfer] F2_transfer iter=173 score=0.718 transfer=1.000 dwell=1.000 threat=0.990 incoming=0.181 survival=1.000 offense=0.187 cross_diag=0.000 plateau=43
[08-23 20:37:02] [F-transfer] F2_transfer iter=174 score=0.729 transfer=1.000 dwell=1.000 threat=0.990 incoming=0.227 survival=1.000 offense=0.187 cross_diag=0.000 plateau=44
[08-23 20:43:02] [F-transfer] F2_transfer iter=178 score=0.744 transfer=1.000 dwell=1.000 threat=0.990 incoming=0.298 survival=1.000 offense=0.160 cross_diag=0.000 plateau=48
[08-23 20:49:03] [F-transfer] F2_transfer iter=181 score=0.744 transfer=1.000 dwell=1.000 threat=0.991 incoming=0.298 survival=1.000 offense=0.160 cross_diag=0.000 plateau=51
[08-23 20:51:03] [F-transfer] F2_transfer iter=182 score=0.744 transfer=1.000 dwell=1.000 threat=0.991 incoming=0.298 survival=1.000 offense=0.160 cross_diag=0.000 plateau=52
[08-23 20:55:03] [F-transfer] F2_transfer iter=185 score=0.744 transfer=1.000 dwell=1.000 threat=0.991 incoming=0.298 survival=1.000 offense=0.154 cross_diag=0.000 plateau=55
[08-23 20:57:03] [F-transfer] F2_transfer iter=186 score=0.743 transfer=1.000 dwell=1.000 threat=0.991 incoming=0.298 survival=1.000 offense=0.138 cross_diag=0.000 plateau=56
[08-23 21:01:04] [F-transfer] F2_transfer iter=189 score=0.743 transfer=1.000 dwell=1.000 threat=0.990 incoming=0.298 survival=1.000 offense=0.138 cross_diag=0.000 plateau=59
[08-23 21:03:04] [F-transfer] F2_transfer iter=190 score=0.748 transfer=1.000 dwell=1.000 threat=0.991 incoming=0.316 survival=1.000 offense=0.138 cross_diag=0.000 plateau=60
[08-23 21:07:04] [F-transfer] F2_transfer iter=193 score=0.745 transfer=1.000 dwell=1.000 threat=0.989 incoming=0.316 survival=1.000 offense=0.105 cross_diag=0.000 plateau=63
[08-23 21:09:04] [F-transfer] F2_transfer iter=194 score=0.734 transfer=1.000 dwell=1.000 threat=0.990 incoming=0.271 survival=1.000 offense=0.105 cross_diag=0.000 plateau=64
[08-23 21:15:05] [F-transfer] F2_transfer iter=198 score=0.743 transfer=1.000 dwell=1.000 threat=0.990 incoming=0.300 survival=1.000 offense=0.122 cross_diag=0.000 plateau=68
[08-23 21:21:05] [F-transfer] F2_transfer iter=201 score=0.751 transfer=1.000 dwell=1.000 threat=0.990 incoming=0.324 survival=1.000 offense=0.173 cross_diag=0.000 plateau=71
[08-23 21:23:05] [F-transfer] F2_transfer iter=202 score=0.751 transfer=1.000 dwell=1.000 threat=0.990 incoming=0.324 survival=1.000 offense=0.173 cross_diag=0.000 plateau=72
[08-23 21:29:06] [F-transfer] F2_transfer iter=206 score=0.724 transfer=1.000 dwell=1.000 threat=0.989 incoming=0.224 survival=1.000 offense=0.127 cross_diag=0.000 plateau=76
[08-23 21:35:06] [F-transfer] F2_transfer iter=209 score=0.724 transfer=1.000 dwell=1.000 threat=0.990 incoming=0.224 survival=1.000 offense=0.127 cross_diag=0.000 plateau=79
[08-23 21:37:07] [F-transfer] F2_transfer iter=210 score=0.723 transfer=1.000 dwell=1.000 threat=0.988 incoming=0.224 survival=1.000 offense=0.127 cross_diag=0.000 plateau=80
[08-23 21:43:07] [F-transfer] F2_transfer iter=214 score=0.732 transfer=1.000 dwell=1.000 threat=0.988 incoming=0.224 survival=1.000 offense=0.256 cross_diag=0.000 plateau=84
[08-23 21:49:07] [F-transfer] F2_transfer iter=217 score=0.710 transfer=1.000 dwell=1.000 threat=0.988 incoming=0.124 survival=1.000 offense=0.294 cross_diag=0.000 plateau=87
[08-23 21:51:08] [F-transfer] F2_transfer iter=218 score=0.710 transfer=1.000 dwell=1.000 threat=0.988 incoming=0.124 survival=1.000 offense=0.294 cross_diag=0.000 plateau=88
[08-23 21:55:08] [F-transfer] F2_transfer iter=221 score=0.702 transfer=1.000 dwell=1.000 threat=0.989 incoming=0.100 survival=1.000 offense=0.254 cross_diag=0.000 plateau=91
[08-23 21:57:08] [F-transfer] F2_transfer iter=222 score=0.702 transfer=1.000 dwell=1.000 threat=0.988 incoming=0.100 survival=1.000 offense=0.254 cross_diag=0.000 plateau=92
[08-23 22:01:08] [F-transfer] F2_transfer iter=225 score=0.725 transfer=1.000 dwell=1.000 threat=0.989 incoming=0.200 survival=1.000 offense=0.239 cross_diag=0.000 plateau=95
[08-23 22:03:08] [F-transfer] F2_transfer iter=226 score=0.725 transfer=1.000 dwell=1.000 threat=0.987 incoming=0.200 survival=1.000 offense=0.244 cross_diag=0.000 plateau=96
[08-23 22:09:09] [F-transfer] F2_transfer iter=230 score=0.716 transfer=1.000 dwell=1.000 threat=0.988 incoming=0.145 survival=1.000 offense=0.304 cross_diag=0.000 plateau=100
[08-23 22:15:09] [F-transfer] F2_transfer iter=233 score=0.736 transfer=1.000 dwell=1.000 threat=0.989 incoming=0.245 survival=1.000 offense=0.239 cross_diag=0.000 plateau=103
[08-23 22:17:09] [F-transfer] F2_transfer iter=234 score=0.755 transfer=1.000 dwell=1.000 threat=0.990 incoming=0.345 survival=1.000 offense=0.153 cross_diag=0.000 plateau=104
[08-23 22:21:10] [F-transfer] F2_transfer iter=237 score=0.757 transfer=1.000 dwell=1.000 threat=0.989 incoming=0.345 survival=1.000 offense=0.180 cross_diag=0.000 plateau=107
[08-23 22:23:10] [F-transfer] F2_transfer iter=238 score=0.780 transfer=1.000 dwell=1.000 threat=0.989 incoming=0.445 survival=1.000 offense=0.164 cross_diag=0.000 plateau=108
[08-23 22:29:10] [F-transfer] F2_transfer iter=242 score=0.782 transfer=1.000 dwell=1.000 threat=0.990 incoming=0.445 survival=1.000 offense=0.191 cross_diag=0.000 plateau=112
[08-23 22:35:11] [F-transfer] F2_transfer iter=245 score=0.760 transfer=1.000 dwell=1.000 threat=0.990 incoming=0.345 survival=1.000 offense=0.233 cross_diag=0.000 plateau=115
[08-23 22:37:11] [F-transfer] F2_transfer iter=246 score=0.766 transfer=1.000 dwell=1.000 threat=0.992 incoming=0.345 survival=1.000 offense=0.328 cross_diag=0.000 plateau=116
[08-23 22:41:11] [F-transfer] F2_transfer iter=249 score=0.794 transfer=1.000 dwell=1.000 threat=0.991 incoming=0.445 survival=1.000 offense=0.390 cross_diag=0.000 plateau=119
[08-23 22:43:11] [F-transfer] F2_transfer iter=250 score=0.782 transfer=1.000 dwell=1.000 threat=0.991 incoming=0.400 survival=1.000 offense=0.368 cross_diag=0.000 plateau=120
[08-23 22:49:12] [F-transfer] F2_transfer iter=253 score=0.760 transfer=1.000 dwell=1.000 threat=0.990 incoming=0.300 survival=1.000 offense=0.406 cross_diag=0.000 plateau=123
[08-23 22:51:12] [F-transfer] F2_transfer iter=254 score=0.737 transfer=1.000 dwell=1.000 threat=0.989 incoming=0.200 survival=1.000 offense=0.422 cross_diag=0.000 plateau=124
[08-23 22:55:12] [F-transfer] F2_transfer iter=257 score=0.760 transfer=1.000 dwell=1.000 threat=0.991 incoming=0.300 survival=1.000 offense=0.405 cross_diag=0.000 plateau=127
[08-23 22:57:12] [F-transfer] F2_transfer iter=259 score=0.721 transfer=1.000 dwell=1.000 threat=0.988 incoming=0.200 survival=0.900 offense=0.432 cross_diag=0.000 plateau=129
[08-23 23:01:12] [F-transfer] F2_transfer iter=261 score=0.718 transfer=1.000 dwell=1.000 threat=0.987 incoming=0.200 survival=0.900 offense=0.394 cross_diag=0.000 plateau=131
[08-23 23:05:13] [F-transfer] F2_transfer iter=263 score=0.707 transfer=1.000 dwell=1.000 threat=0.987 incoming=0.200 survival=0.850 offense=0.340 cross_diag=0.000 plateau=133
[08-23 23:11:13] [F-transfer] F2_transfer iter=267 score=0.712 transfer=1.000 dwell=1.000 threat=0.987 incoming=0.244 survival=0.850 offense=0.240 cross_diag=0.000 plateau=137
[08-23 23:17:14] [F-transfer] F2_transfer iter=271 score=0.684 transfer=1.000 dwell=1.000 threat=0.988 incoming=0.144 survival=0.850 offense=0.164 cross_diag=0.000 plateau=141
[08-23 23:25:14] [F-transfer] F2_transfer iter=275 score=0.684 transfer=1.000 dwell=1.000 threat=0.988 incoming=0.144 survival=0.850 offense=0.164 cross_diag=0.000 plateau=145
[08-23 23:33:15] [F-transfer] F2_transfer iter=279 score=0.706 transfer=1.000 dwell=1.000 threat=0.988 incoming=0.244 survival=0.850 offense=0.134 cross_diag=0.000 plateau=149
[08-23 23:41:15] [F-transfer] F2_transfer iter=283 score=0.705 transfer=1.000 dwell=1.000 threat=0.988 incoming=0.244 survival=0.850 offense=0.120 cross_diag=0.000 plateau=153
[08-23 23:47:16] [F-transfer] F2_transfer iter=287 score=0.679 transfer=1.000 dwell=1.000 threat=0.988 incoming=0.144 survival=0.850 offense=0.078 cross_diag=0.000 plateau=157
[08-23 23:55:17] [F-transfer] F2_transfer iter=291 score=0.679 transfer=1.000 dwell=1.000 threat=0.987 incoming=0.144 survival=0.850 offense=0.091 cross_diag=0.000 plateau=161
[08-24 00:03:18] [F-transfer] F2_transfer iter=295 score=0.696 transfer=1.000 dwell=1.000 threat=0.990 incoming=0.144 survival=0.950 offense=0.099 cross_diag=0.000 plateau=165
[08-24 00:11:19] [F-transfer] F2_transfer iter=299 score=0.698 transfer=1.000 dwell=1.000 threat=0.990 incoming=0.144 survival=0.950 offense=0.118 cross_diag=0.000 plateau=169
[08-24 00:11:39] [F-transfer] F2_transfer below gate; starting one full-state continuation as F2_transferb
[08-24 00:11:39] [F-transfer] F2_transferb launch (full-state continuation, cap=220, min=80) <- C:\Users\JUN\Desktop\airop\Release_260722_plz\artifacts\checkpoints\team01\F2_transfer\checkpoint_final
[08-24 01:07:43] [F-transfer] F2_transferb iter=39 score=0.870 transfer=1.000 dwell=1.000 threat=0.996 incoming=0.798 survival=1.000 offense=0.207 cross_diag=0.000 plateau=0
[08-24 01:13:43] [F-transfer] F2_transferb iter=43 score=0.868 transfer=1.000 dwell=1.000 threat=0.995 incoming=0.774 survival=1.000 offense=0.264 cross_diag=0.000 plateau=4
[08-24 01:21:44] [F-transfer] F2_transferb iter=47 score=0.872 transfer=1.000 dwell=1.000 threat=0.995 incoming=0.777 survival=1.000 offense=0.314 cross_diag=0.000 plateau=0
[08-24 01:27:44] [F-transfer] F2_transferb iter=51 score=0.881 transfer=1.000 dwell=1.000 threat=0.995 incoming=0.795 survival=1.000 offense=0.409 cross_diag=0.000 plateau=0
[08-24 01:31:44] [F-transfer] F2_transferb iter=55 score=0.864 transfer=1.000 dwell=1.000 threat=0.994 incoming=0.697 survival=1.000 offense=0.509 cross_diag=0.000 plateau=4
[08-24 01:37:45] [F-transfer] F2_transferb iter=59 score=0.867 transfer=1.000 dwell=1.000 threat=0.994 incoming=0.691 survival=1.000 offense=0.588 cross_diag=0.000 plateau=8
[08-24 01:43:45] [F-transfer] F2_transferb iter=63 score=0.883 transfer=1.000 dwell=1.000 threat=0.994 incoming=0.754 survival=1.000 offense=0.599 cross_diag=0.000 plateau=0
[08-24 01:49:46] [F-transfer] F2_transferb iter=67 score=0.898 transfer=1.000 dwell=1.000 threat=0.994 incoming=0.803 survival=1.000 offense=0.664 cross_diag=0.000 plateau=0
[08-24 01:53:46] [F-transfer] F2_transferb iter=71 score=0.904 transfer=1.000 dwell=1.000 threat=0.994 incoming=0.803 survival=1.000 offense=0.764 cross_diag=0.000 plateau=0
[08-24 01:59:46] [F-transfer] F2_transferb iter=75 score=0.898 transfer=1.000 dwell=1.000 threat=0.994 incoming=0.784 survival=1.000 offense=0.737 cross_diag=0.000 plateau=4
[08-24 02:07:47] [F-transfer] F2_transferb iter=79 score=0.901 transfer=1.000 dwell=1.000 threat=0.995 incoming=0.771 survival=1.000 offense=0.837 cross_diag=0.000 plateau=8
[08-24 02:13:47] [F-transfer] F2_transferb iter=83 score=0.880 transfer=1.000 dwell=1.000 threat=0.995 incoming=0.694 survival=1.000 offense=0.786 cross_diag=0.000 plateau=0
[08-24 02:19:48] [F-transfer] F2_transferb iter=87 score=0.890 transfer=1.000 dwell=1.000 threat=0.995 incoming=0.726 survival=1.000 offense=0.836 cross_diag=0.000 plateau=0
[08-24 02:25:48] [F-transfer] F2_transferb iter=91 score=0.885 transfer=1.000 dwell=1.000 threat=0.995 incoming=0.726 survival=1.000 offense=0.742 cross_diag=0.000 plateau=4
[08-24 02:33:49] [F-transfer] F2_transferb iter=95 score=0.903 transfer=1.000 dwell=1.000 threat=0.995 incoming=0.824 survival=1.000 offense=0.655 cross_diag=0.000 plateau=0
[08-24 02:39:49] [F-transfer] F2_transferb iter=99 score=0.892 transfer=1.000 dwell=1.000 threat=0.994 incoming=0.776 survival=1.000 offense=0.652 cross_diag=0.000 plateau=4
[08-24 02:45:50] [F-transfer] F2_transferb iter=103 score=0.898 transfer=1.000 dwell=1.000 threat=0.994 incoming=0.798 survival=1.000 offense=0.666 cross_diag=0.000 plateau=8
[08-24 02:55:51] [F-transfer] F2_transferb iter=107 score=0.872 transfer=1.000 dwell=1.000 threat=0.994 incoming=0.698 survival=1.000 offense=0.631 cross_diag=0.000 plateau=12
[08-24 03:01:51] [F-transfer] F2_transferb iter=111 score=0.872 transfer=1.000 dwell=1.000 threat=0.994 incoming=0.698 survival=1.000 offense=0.631 cross_diag=0.000 plateau=16
[08-24 03:11:52] [F-transfer] F2_transferb iter=115 score=0.878 transfer=1.000 dwell=1.000 threat=0.994 incoming=0.717 survival=1.000 offense=0.658 cross_diag=0.000 plateau=20
[08-24 03:17:52] [F-transfer] F2_transferb iter=119 score=0.860 transfer=1.000 dwell=1.000 threat=0.995 incoming=0.650 survival=1.000 offense=0.635 cross_diag=0.000 plateau=24
[08-24 03:23:53] [F-transfer] F2_transferb iter=123 score=0.881 transfer=1.000 dwell=1.000 threat=0.995 incoming=0.750 survival=1.000 offense=0.586 cross_diag=0.000 plateau=28
[08-24 03:29:53] [F-transfer] F2_transferb iter=127 score=0.868 transfer=1.000 dwell=1.000 threat=0.994 incoming=0.725 survival=1.000 offense=0.486 cross_diag=0.000 plateau=32
[08-24 03:35:54] [F-transfer] F2_transferb iter=131 score=0.871 transfer=1.000 dwell=1.000 threat=0.994 incoming=0.725 survival=1.000 offense=0.534 cross_diag=0.000 plateau=36
[08-24 03:41:54] [F-transfer] F2_transferb iter=135 score=0.875 transfer=1.000 dwell=1.000 threat=0.995 incoming=0.725 survival=1.000 offense=0.596 cross_diag=0.000 plateau=40
[08-24 03:47:54] [F-transfer] F2_transferb iter=139 score=0.885 transfer=1.000 dwell=1.000 threat=0.995 incoming=0.767 survival=1.000 offense=0.604 cross_diag=0.000 plateau=44
[08-24 03:51:55] [F-transfer] F2_transferb iter=143 score=0.893 transfer=1.000 dwell=1.000 threat=0.995 incoming=0.783 survival=1.000 offense=0.672 cross_diag=0.000 plateau=48
[08-24 03:57:55] [F-transfer] F2_transferb iter=147 score=0.900 transfer=1.000 dwell=1.000 threat=0.995 incoming=0.805 survival=1.000 offense=0.707 cross_diag=0.000 plateau=52
[08-24 04:05:56] [F-transfer] F2_transferb iter=151 score=0.894 transfer=1.000 dwell=1.000 threat=0.995 incoming=0.786 survival=1.000 offense=0.682 cross_diag=0.000 plateau=56
[08-24 04:11:56] [F-transfer] F2_transferb iter=155 score=0.891 transfer=1.000 dwell=1.000 threat=0.995 incoming=0.773 survival=1.000 offense=0.682 cross_diag=0.000 plateau=60
[08-24 04:17:56] [F-transfer] F2_transferb iter=159 score=0.896 transfer=1.000 dwell=1.000 threat=0.995 incoming=0.803 survival=1.000 offense=0.638 cross_diag=0.000 plateau=64
[08-24 04:23:57] [F-transfer] F2_transferb iter=163 score=0.889 transfer=1.000 dwell=1.000 threat=0.994 incoming=0.773 survival=1.000 offense=0.638 cross_diag=0.000 plateau=68
[08-24 04:29:57] [F-transfer] F2_transferb iter=167 score=0.901 transfer=1.000 dwell=1.000 threat=0.994 incoming=0.797 survival=1.000 offense=0.738 cross_diag=0.000 plateau=72
[08-24 04:35:58] [F-transfer] F2_transferb iter=171 score=0.893 transfer=1.000 dwell=1.000 threat=0.994 incoming=0.779 survival=1.000 offense=0.683 cross_diag=0.000 plateau=76
[08-24 04:45:59] [F-transfer] F2_transferb iter=175 score=0.864 transfer=1.000 dwell=1.000 threat=0.994 incoming=0.679 survival=1.000 offense=0.608 cross_diag=0.000 plateau=80
[08-24 04:58:00] [F-transfer] F2_transferb iter=179 score=0.853 transfer=1.000 dwell=1.000 threat=0.994 incoming=0.633 survival=1.000 offense=0.608 cross_diag=0.000 plateau=84
[08-24 05:08:01] [F-transfer] F2_transferb iter=183 score=0.853 transfer=1.000 dwell=1.000 threat=0.994 incoming=0.633 survival=1.000 offense=0.604 cross_diag=0.000 plateau=88
[08-24 05:18:02] [F-transfer] F2_transferb iter=187 score=0.859 transfer=1.000 dwell=1.000 threat=0.993 incoming=0.679 survival=1.000 offense=0.531 cross_diag=0.000 plateau=92
[08-24 05:28:03] [F-transfer] F2_transferb iter=191 score=0.836 transfer=1.000 dwell=1.000 threat=0.993 incoming=0.598 survival=1.000 offense=0.471 cross_diag=0.000 plateau=96
[08-24 05:38:04] [F-transfer] F2_transferb iter=195 score=0.810 transfer=1.000 dwell=1.000 threat=0.993 incoming=0.511 survival=1.000 offense=0.396 cross_diag=0.000 plateau=100
[08-24 05:50:05] [F-transfer] F2_transferb iter=199 score=0.802 transfer=1.000 dwell=1.000 threat=0.993 incoming=0.463 survival=1.000 offense=0.457 cross_diag=0.000 plateau=104
[08-24 06:00:06] [F-transfer] F2_transferb iter=203 score=0.816 transfer=1.000 dwell=1.000 threat=0.993 incoming=0.492 survival=1.000 offense=0.557 cross_diag=0.000 plateau=108
[08-24 06:12:07] [F-transfer] F2_transferb iter=207 score=0.807 transfer=1.000 dwell=1.000 threat=0.993 incoming=0.456 survival=1.000 offense=0.557 cross_diag=0.000 plateau=112
[08-24 06:24:09] [F-transfer] F2_transferb iter=211 score=0.816 transfer=1.000 dwell=1.000 threat=0.994 incoming=0.475 survival=1.000 offense=0.613 cross_diag=0.000 plateau=116
[08-24 06:34:10] [F-transfer] F2_transferb iter=215 score=0.834 transfer=1.000 dwell=1.000 threat=0.994 incoming=0.530 survival=1.000 offense=0.689 cross_diag=0.000 plateau=120
[08-24 06:42:10] [F-transfer] F2_transferb iter=219 score=0.848 transfer=1.000 dwell=1.000 threat=0.994 incoming=0.587 survival=1.000 offense=0.689 cross_diag=0.000 plateau=124
[08-24 06:42:31] [F-transfer] F2_transferb failed after one continuation (score=0.848); chain halted
[08-24 06:42:31] [F-transfer] F-transfer orchestrator finished; final parent=C:\Users\JUN\Desktop\airop\Release_260722_plz\artifacts\models\team01\F1_transfer\bundle_000150
[08-24 14:12:23] [F-transfer] F-transfer start: stages=F3,F4,F5 min=100 continuation-min=80 plateau=25 threshold=0.82 parent=C:\Users\JUN\Desktop\airop\Release_260722_plz\artifacts\models\team01\F2_guardb\bundle_000090
[08-24 14:12:23] [F-transfer] F3_transfer launch (peak-bundle transfer, cap=300, min=100) <- C:\Users\JUN\Desktop\airop\Release_260722_plz\artifacts\models\team01\F2_guardb\bundle_000090
[08-24 15:04:27] [F-transfer] F3_transfer iter=39 score=0.814 transfer=1.000 dwell=1.000 threat=0.993 incoming=0.524 survival=1.000 offense=0.378 cross_diag=0.000 plateau=0
[08-24 15:10:27] [F-transfer] F3_transfer iter=43 score=0.799 transfer=1.000 dwell=1.000 threat=0.993 incoming=0.476 survival=1.000 offense=0.318 cross_diag=0.000 plateau=4
[08-24 15:14:27] [F-transfer] F3_transfer iter=47 score=0.824 transfer=1.000 dwell=1.000 threat=0.993 incoming=0.576 survival=1.000 offense=0.318 cross_diag=0.000 plateau=0
[08-24 15:20:28] [F-transfer] F3_transfer iter=51 score=0.833 transfer=1.000 dwell=1.000 threat=0.993 incoming=0.621 survival=1.000 offense=0.302 cross_diag=0.000 plateau=0
[08-24 15:26:28] [F-transfer] F3_transfer iter=55 score=0.833 transfer=1.000 dwell=1.000 threat=0.993 incoming=0.618 survival=1.000 offense=0.316 cross_diag=0.000 plateau=4
[08-24 15:32:29] [F-transfer] F3_transfer iter=59 score=0.804 transfer=1.000 dwell=1.000 threat=0.994 incoming=0.520 survival=1.000 offense=0.230 cross_diag=0.000 plateau=8
[08-24 15:36:29] [F-transfer] F3_transfer iter=63 score=0.828 transfer=1.000 dwell=1.000 threat=0.994 incoming=0.620 survival=1.000 offense=0.219 cross_diag=0.000 plateau=12
[08-24 15:42:29] [F-transfer] F3_transfer iter=67 score=0.851 transfer=1.000 dwell=1.000 threat=0.994 incoming=0.720 survival=1.000 offense=0.205 cross_diag=0.000 plateau=0
[08-24 15:44:29] [F-transfer] F3_transfer iter=69 score=0.809 transfer=1.000 dwell=1.000 threat=0.991 incoming=0.620 survival=0.900 offense=0.205 cross_diag=0.000 plateau=2
[08-24 15:48:36] [F-transfer] F3_transfer iter=71 score=0.811 transfer=1.000 dwell=1.000 threat=0.992 incoming=0.620 survival=0.900 offense=0.219 cross_diag=0.000 plateau=4
[08-24 15:50:36] [F-transfer] F3_transfer iter=73 score=0.832 transfer=1.000 dwell=1.000 threat=0.992 incoming=0.720 survival=0.900 offense=0.170 cross_diag=0.000 plateau=6
[08-24 15:54:25] [F-transfer] F-transfer start: stages=F3,F4,F5 min=100 continuation-min=80 plateau=25 threshold=0.82 parent=C:\Users\JUN\Desktop\airop\Release_260722_plz\artifacts\models\team01\F2_guardb\bundle_000090
[08-24 15:54:25] [F-transfer] F3_transfer launch (peak-bundle transfer, cap=300, min=100) <- C:\Users\JUN\Desktop\airop\Release_260722_plz\artifacts\models\team01\F2_guardb\bundle_000090
[08-24 16:20:27] [F-transfer] F3_transfer iter=20 score=0.885 transfer=1.000 dwell=1.000 threat=0.998 incoming=0.901 survival=0.900 offense=0.241 cross_diag=0.000 plateau=1
[08-24 16:24:27] [F-transfer] F3_transfer iter=23 score=0.892 transfer=1.000 dwell=1.000 threat=0.998 incoming=0.901 survival=0.900 offense=0.341 cross_diag=0.000 plateau=0
[08-24 16:26:27] [F-transfer] F3_transfer iter=24 score=0.891 transfer=1.000 dwell=1.000 threat=0.998 incoming=0.901 survival=0.900 offense=0.341 cross_diag=0.000 plateau=1
[08-24 16:30:27] [F-transfer] F3_transfer iter=27 score=0.889 transfer=1.000 dwell=1.000 threat=0.998 incoming=0.901 survival=0.900 offense=0.319 cross_diag=0.000 plateau=4
[08-24 16:32:28] [F-transfer] F3_transfer iter=28 score=0.895 transfer=1.000 dwell=1.000 threat=0.998 incoming=0.901 survival=0.900 offense=0.419 cross_diag=0.000 plateau=0
[08-24 16:36:28] [F-transfer] F3_transfer iter=32 score=0.923 transfer=1.000 dwell=1.000 threat=0.999 incoming=0.944 survival=1.000 offense=0.449 cross_diag=0.000 plateau=0
[08-24 16:40:28] [F-transfer] F3_transfer iter=35 score=0.923 transfer=1.000 dwell=1.000 threat=0.999 incoming=0.944 survival=1.000 offense=0.449 cross_diag=0.000 plateau=0
[08-24 16:42:28] [F-transfer] F3_transfer iter=36 score=0.934 transfer=1.000 dwell=1.000 threat=0.999 incoming=1.000 survival=1.000 offense=0.416 cross_diag=0.000 plateau=0
[08-24 16:44:28] [F-transfer] F3_transfer iter=38 score=0.941 transfer=1.000 dwell=1.000 threat=0.999 incoming=1.000 survival=1.000 offense=0.516 cross_diag=0.000 plateau=0
[08-24 16:46:28] [F-transfer] F3_transfer iter=39 score=0.900 transfer=1.000 dwell=1.000 threat=0.999 incoming=0.900 survival=0.900 offense=0.516 cross_diag=0.000 plateau=1
[08-24 16:50:29] [F-transfer] F3_transfer iter=42 score=0.900 transfer=1.000 dwell=1.000 threat=0.999 incoming=0.900 survival=0.900 offense=0.516 cross_diag=0.000 plateau=4
[08-24 16:52:29] [F-transfer] F3_transfer iter=43 score=0.900 transfer=1.000 dwell=1.000 threat=0.999 incoming=0.900 survival=0.900 offense=0.516 cross_diag=0.000 plateau=5
[08-24 16:56:29] [F-transfer] F3_transfer iter=47 score=0.896 transfer=1.000 dwell=1.000 threat=0.999 incoming=0.900 survival=0.900 offense=0.458 cross_diag=0.000 plateau=9
[08-24 17:02:30] [F-transfer] F3_transfer iter=51 score=0.897 transfer=1.000 dwell=1.000 threat=0.999 incoming=0.900 survival=0.900 offense=0.458 cross_diag=0.000 plateau=13
[08-24 17:06:30] [F-transfer] F3_transfer iter=54 score=0.904 transfer=1.000 dwell=1.000 threat=0.999 incoming=0.900 survival=0.900 offense=0.558 cross_diag=0.000 plateau=16
[08-24 17:08:30] [F-transfer] F3_transfer iter=55 score=0.907 transfer=1.000 dwell=1.000 threat=0.999 incoming=0.900 survival=0.900 offense=0.620 cross_diag=0.000 plateau=17
[08-24 17:12:30] [F-transfer] F3_transfer iter=58 score=0.905 transfer=1.000 dwell=1.000 threat=0.999 incoming=0.900 survival=0.900 offense=0.598 cross_diag=0.000 plateau=20
[08-24 17:14:30] [F-transfer] F3_transfer iter=59 score=0.952 transfer=1.000 dwell=1.000 threat=0.999 incoming=1.000 survival=1.000 offense=0.676 cross_diag=0.000 plateau=0
[08-24 17:18:31] [F-transfer] F3_transfer iter=62 score=0.952 transfer=1.000 dwell=1.000 threat=0.999 incoming=1.000 survival=1.000 offense=0.676 cross_diag=0.000 plateau=0
[08-24 17:20:31] [F-transfer] F3_transfer iter=63 score=0.953 transfer=1.000 dwell=1.000 threat=0.999 incoming=1.000 survival=1.000 offense=0.676 cross_diag=0.000 plateau=0
[08-24 17:26:31] [F-transfer] F3_transfer iter=66 score=0.953 transfer=1.000 dwell=1.000 threat=0.999 incoming=1.000 survival=1.000 offense=0.669 cross_diag=0.000 plateau=3
[08-24 17:28:31] [F-transfer] F3_transfer iter=67 score=0.958 transfer=1.000 dwell=1.000 threat=0.998 incoming=1.000 survival=1.000 offense=0.745 cross_diag=0.000 plateau=0
[08-24 17:34:32] [F-transfer] F3_transfer iter=70 score=0.959 transfer=1.000 dwell=1.000 threat=0.998 incoming=1.000 survival=1.000 offense=0.745 cross_diag=0.000 plateau=0
[08-24 17:36:32] [F-transfer] F3_transfer iter=71 score=0.958 transfer=1.000 dwell=1.000 threat=0.999 incoming=1.000 survival=1.000 offense=0.745 cross_diag=0.000 plateau=1
[08-24 17:44:33] [F-transfer] F3_transfer iter=74 score=0.958 transfer=1.000 dwell=1.000 threat=0.999 incoming=1.000 survival=1.000 offense=0.732 cross_diag=0.000 plateau=4
[08-24 17:48:34] [F-transfer] F3_transfer iter=75 score=0.960 transfer=1.000 dwell=1.000 threat=0.999 incoming=1.000 survival=1.000 offense=0.754 cross_diag=0.000 plateau=0
[08-24 17:56:35] [F-transfer] F3_transfer iter=78 score=0.958 transfer=1.000 dwell=1.000 threat=0.999 incoming=1.000 survival=1.000 offense=0.727 cross_diag=0.000 plateau=3
[08-24 17:58:35] [F-transfer] F3_transfer iter=79 score=0.959 transfer=1.000 dwell=1.000 threat=0.999 incoming=1.000 survival=1.000 offense=0.748 cross_diag=0.000 plateau=4
[08-24 18:04:35] [F-transfer] F3_transfer iter=82 score=0.959 transfer=1.000 dwell=1.000 threat=0.999 incoming=1.000 survival=1.000 offense=0.748 cross_diag=0.000 plateau=7
[08-24 18:06:36] [F-transfer] F3_transfer iter=83 score=0.958 transfer=1.000 dwell=1.000 threat=0.999 incoming=1.000 survival=1.000 offense=0.748 cross_diag=0.000 plateau=8
[08-24 18:12:36] [F-transfer] F3_transfer iter=86 score=0.964 transfer=1.000 dwell=1.000 threat=0.999 incoming=1.000 survival=1.000 offense=0.838 cross_diag=0.000 plateau=0
[08-24 18:16:36] [F-transfer] F3_transfer iter=87 score=0.957 transfer=1.000 dwell=1.000 threat=0.999 incoming=1.000 survival=1.000 offense=0.738 cross_diag=0.000 plateau=1
[08-24 18:22:37] [F-transfer] F3_transfer iter=90 score=0.965 transfer=1.000 dwell=1.000 threat=0.999 incoming=1.000 survival=1.000 offense=0.838 cross_diag=0.000 plateau=0
[08-24 18:24:37] [F-transfer] F3_transfer iter=91 score=0.964 transfer=1.000 dwell=1.000 threat=0.999 incoming=1.000 survival=1.000 offense=0.838 cross_diag=0.000 plateau=1
[08-24 18:30:38] [F-transfer] F3_transfer iter=94 score=0.965 transfer=1.000 dwell=1.000 threat=0.999 incoming=1.000 survival=1.000 offense=0.851 cross_diag=0.000 plateau=0
[08-24 18:32:38] [F-transfer] F3_transfer iter=95 score=0.934 transfer=1.000 dwell=1.000 threat=0.999 incoming=0.900 survival=1.000 offense=0.751 cross_diag=0.000 plateau=1
[08-24 18:40:39] [F-transfer] F3_transfer iter=98 score=0.937 transfer=1.000 dwell=1.000 threat=0.999 incoming=0.900 survival=1.000 offense=0.800 cross_diag=0.000 plateau=4
[08-24 18:44:39] [F-transfer] F3_transfer iter=99 score=0.920 transfer=1.000 dwell=1.000 threat=0.998 incoming=0.822 survival=1.000 offense=0.800 cross_diag=0.000 plateau=5
[08-24 18:52:40] [F-transfer] F3_transfer iter=102 score=0.919 transfer=1.000 dwell=1.000 threat=0.998 incoming=0.822 survival=1.000 offense=0.800 cross_diag=0.000 plateau=0
[08-24 18:54:40] [F-transfer] F3_transfer iter=103 score=0.913 transfer=1.000 dwell=1.000 threat=0.998 incoming=0.822 survival=1.000 offense=0.700 cross_diag=0.000 plateau=1
[08-24 19:00:43] [F-transfer] F3_transfer iter=106 score=0.912 transfer=1.000 dwell=1.000 threat=0.998 incoming=0.822 survival=1.000 offense=0.683 cross_diag=0.000 plateau=4
[08-24 19:02:43] [F-transfer] F3_transfer iter=107 score=0.911 transfer=1.000 dwell=1.000 threat=0.998 incoming=0.822 survival=1.000 offense=0.683 cross_diag=0.000 plateau=5
[08-24 19:12:44] [F-transfer] F3_transfer iter=110 score=0.904 transfer=1.000 dwell=1.000 threat=0.998 incoming=0.822 survival=1.000 offense=0.583 cross_diag=0.000 plateau=8
[08-24 19:14:45] [F-transfer] F3_transfer iter=111 score=0.904 transfer=1.000 dwell=1.000 threat=0.998 incoming=0.822 survival=1.000 offense=0.583 cross_diag=0.000 plateau=9
[08-24 19:22:45] [F-transfer] F3_transfer iter=114 score=0.904 transfer=1.000 dwell=1.000 threat=0.998 incoming=0.822 survival=1.000 offense=0.583 cross_diag=0.000 plateau=12
[08-24 19:24:45] [F-transfer] F3_transfer iter=115 score=0.936 transfer=1.000 dwell=1.000 threat=0.999 incoming=0.922 survival=1.000 offense=0.683 cross_diag=0.000 plateau=0
[08-24 19:34:46] [F-transfer] F3_transfer iter=118 score=0.935 transfer=1.000 dwell=1.000 threat=0.999 incoming=0.922 survival=1.000 offense=0.683 cross_diag=0.000 plateau=3
[08-24 19:36:47] [F-transfer] F3_transfer iter=119 score=0.948 transfer=1.000 dwell=1.000 threat=0.999 incoming=1.000 survival=1.000 offense=0.610 cross_diag=0.000 plateau=0
[08-24 19:46:48] [F-transfer] F3_transfer iter=122 score=0.949 transfer=1.000 dwell=1.000 threat=0.999 incoming=1.000 survival=1.000 offense=0.610 cross_diag=0.000 plateau=0
[08-24 19:48:49] [F-transfer] F3_transfer iter=123 score=0.953 transfer=1.000 dwell=1.000 threat=0.999 incoming=1.000 survival=1.000 offense=0.683 cross_diag=0.000 plateau=0
[08-24 20:00:50] [F-transfer] F3_transfer iter=126 score=0.951 transfer=1.000 dwell=1.000 threat=0.999 incoming=1.000 survival=1.000 offense=0.657 cross_diag=0.000 plateau=3
[08-24 20:04:51] [F-transfer] F3_transfer iter=127 score=0.957 transfer=1.000 dwell=1.000 threat=0.999 incoming=1.000 survival=1.000 offense=0.757 cross_diag=0.000 plateau=0
[08-24 20:12:52] [F-transfer] F3_transfer iter=130 score=0.959 transfer=1.000 dwell=1.000 threat=0.999 incoming=1.000 survival=1.000 offense=0.779 cross_diag=0.000 plateau=0
[08-24 20:14:52] [F-transfer] F3_transfer iter=131 score=0.955 transfer=1.000 dwell=1.000 threat=0.999 incoming=1.000 survival=1.000 offense=0.722 cross_diag=0.000 plateau=1
[08-24 20:20:53] [F-transfer] F3_transfer iter=134 score=0.948 transfer=1.000 dwell=1.000 threat=0.999 incoming=1.000 survival=1.000 offense=0.622 cross_diag=0.000 plateau=4
[08-24 20:24:53] [F-transfer] F3_transfer iter=135 score=0.948 transfer=1.000 dwell=1.000 threat=0.999 incoming=1.000 survival=1.000 offense=0.622 cross_diag=0.000 plateau=5
[08-24 20:30:54] [F-transfer] F3_transfer iter=138 score=0.949 transfer=1.000 dwell=1.000 threat=0.999 incoming=1.000 survival=1.000 offense=0.622 cross_diag=0.000 plateau=8
[08-24 20:32:54] [F-transfer] F3_transfer iter=139 score=0.954 transfer=1.000 dwell=1.000 threat=0.999 incoming=1.000 survival=1.000 offense=0.695 cross_diag=0.000 plateau=9
[08-24 20:40:55] [F-transfer] F3_transfer iter=142 score=0.954 transfer=1.000 dwell=1.000 threat=0.999 incoming=1.000 survival=1.000 offense=0.695 cross_diag=0.000 plateau=12
[08-24 20:48:56] [F-transfer] F3_transfer iter=145 score=0.956 transfer=1.000 dwell=1.000 threat=0.999 incoming=1.000 survival=1.000 offense=0.722 cross_diag=0.000 plateau=15
[08-24 20:52:56] [F-transfer] F3_transfer iter=146 score=0.954 transfer=1.000 dwell=1.000 threat=0.999 incoming=1.000 survival=1.000 offense=0.666 cross_diag=0.000 plateau=16
[08-24 20:56:57] [F-transfer] F3_transfer iter=148 score=0.954 transfer=1.000 dwell=1.000 threat=0.998 incoming=1.000 survival=1.000 offense=0.666 cross_diag=0.000 plateau=18
[08-24 21:00:57] [F-transfer] F3_transfer iter=150 score=0.953 transfer=1.000 dwell=1.000 threat=0.998 incoming=1.000 survival=1.000 offense=0.643 cross_diag=0.000 plateau=20
[08-24 21:02:57] [F-transfer] F3_transfer iter=152 score=0.927 transfer=1.000 dwell=1.000 threat=0.998 incoming=0.900 survival=1.000 offense=0.622 cross_diag=0.000 plateau=22
[08-24 21:06:57] [F-transfer] F3_transfer iter=154 score=0.927 transfer=1.000 dwell=1.000 threat=0.998 incoming=0.900 survival=1.000 offense=0.622 cross_diag=0.000 plateau=24
[08-24 21:08:58] [F-transfer] F3_transfer iter=156 score=0.924 transfer=1.000 dwell=1.000 threat=0.998 incoming=0.900 survival=1.000 offense=0.584 cross_diag=0.000 plateau=26
[08-24 21:12:58] [F-transfer] F3_transfer iter=158 score=0.917 transfer=1.000 dwell=1.000 threat=0.998 incoming=0.900 survival=1.000 offense=0.497 cross_diag=0.000 plateau=28
[08-24 21:16:58] [F-transfer] F3_transfer iter=160 score=0.917 transfer=1.000 dwell=1.000 threat=0.999 incoming=0.900 survival=1.000 offense=0.497 cross_diag=0.000 plateau=30
[08-24 21:18:58] [F-transfer] F3_transfer iter=162 score=0.914 transfer=1.000 dwell=1.000 threat=0.999 incoming=0.900 survival=1.000 offense=0.459 cross_diag=0.000 plateau=32
[08-24 21:20:59] [F-transfer] F3_transfer iter=163 score=0.915 transfer=1.000 dwell=1.000 threat=0.999 incoming=0.900 survival=1.000 offense=0.459 cross_diag=0.000 plateau=33
[08-24 21:26:59] [F-transfer] F3_transfer iter=165 score=0.920 transfer=1.000 dwell=1.000 threat=0.999 incoming=0.900 survival=1.000 offense=0.559 cross_diag=0.000 plateau=35
[08-24 21:31:00] [F-transfer] F3_transfer iter=167 score=0.915 transfer=1.000 dwell=1.000 threat=0.999 incoming=0.900 survival=1.000 offense=0.459 cross_diag=0.000 plateau=37
[08-24 21:37:01] [F-transfer] F3_transfer iter=169 score=0.915 transfer=1.000 dwell=1.000 threat=0.999 incoming=0.900 survival=1.000 offense=0.459 cross_diag=0.000 plateau=39
[08-24 21:41:02] [F-transfer] F3_transfer iter=171 score=0.940 transfer=1.000 dwell=1.000 threat=0.999 incoming=1.000 survival=1.000 offense=0.438 cross_diag=0.000 plateau=41
[08-24 21:41:02] [F-transfer] F3_transfer qualified and plateaued; requesting graceful stop at iter=171
[08-24 21:43:25] [F-transfer] F3_transfer promoted from peak iter=130.0 score=0.9586450234011563 bundle=C:\Users\JUN\Desktop\airop\Release_260722_plz\artifacts\models\team01\F3_transfer\bundle_000130
[08-24 21:43:25] [F-transfer] F4_transfer launch (peak-bundle transfer, cap=300, min=100) <- C:\Users\JUN\Desktop\airop\Release_260722_plz\artifacts\models\team01\F3_transfer\bundle_000130
[08-24 22:25:29] [F-transfer] F4_transfer iter=23 score=0.766 transfer=1.000 dwell=1.000 threat=0.994 incoming=0.500 survival=0.800 offense=0.211 cross_diag=0.000 plateau=1
[08-24 22:29:29] [F-transfer] F4_transfer iter=25 score=0.737 transfer=1.000 dwell=1.000 threat=0.992 incoming=0.477 survival=0.700 offense=0.111 cross_diag=0.000 plateau=3
[08-24 22:31:29] [F-transfer] F4_transfer iter=26 score=0.780 transfer=1.000 dwell=1.000 threat=0.992 incoming=0.577 survival=0.800 offense=0.168 cross_diag=0.000 plateau=0
[08-24 22:35:29] [F-transfer] F4_transfer iter=30 score=0.805 transfer=1.000 dwell=1.000 threat=0.992 incoming=0.677 survival=0.800 offense=0.168 cross_diag=0.000 plateau=0
[08-24 22:37:29] [F-transfer] F4_transfer iter=31 score=0.811 transfer=1.000 dwell=1.000 threat=0.993 incoming=0.677 survival=0.800 offense=0.257 cross_diag=0.000 plateau=0
[08-24 22:41:30] [F-transfer] F4_transfer iter=34 score=0.818 transfer=1.000 dwell=1.000 threat=0.993 incoming=0.677 survival=0.800 offense=0.357 cross_diag=0.000 plateau=0
[08-24 22:43:30] [F-transfer] F4_transfer iter=35 score=0.818 transfer=1.000 dwell=1.000 threat=0.993 incoming=0.677 survival=0.800 offense=0.357 cross_diag=0.000 plateau=1
[08-24 22:49:31] [F-transfer] F4_transfer iter=38 score=0.858 transfer=1.000 dwell=1.000 threat=0.994 incoming=0.777 survival=0.900 offense=0.357 cross_diag=0.000 plateau=0
[08-24 22:51:31] [F-transfer] F4_transfer iter=39 score=0.828 transfer=1.000 dwell=1.000 threat=0.993 incoming=0.677 survival=0.900 offense=0.273 cross_diag=0.000 plateau=1
[08-24 22:55:31] [F-transfer] F4_transfer iter=42 score=0.828 transfer=1.000 dwell=1.000 threat=0.993 incoming=0.677 survival=0.900 offense=0.273 cross_diag=0.000 plateau=4
[08-24 22:57:31] [F-transfer] F4_transfer iter=43 score=0.848 transfer=1.000 dwell=1.000 threat=0.995 incoming=0.686 survival=1.000 offense=0.295 cross_diag=0.000 plateau=5
[08-24 23:01:31] [F-transfer] F4_transfer iter=46 score=0.852 transfer=1.000 dwell=1.000 threat=0.995 incoming=0.686 survival=1.000 offense=0.338 cross_diag=0.000 plateau=8
[08-24 23:03:32] [F-transfer] F4_transfer iter=47 score=0.852 transfer=1.000 dwell=1.000 threat=0.995 incoming=0.686 survival=1.000 offense=0.338 cross_diag=0.000 plateau=9
[08-24 23:05:32] [F-transfer] F4_transfer iter=49 score=0.882 transfer=1.000 dwell=1.000 threat=0.996 incoming=0.786 survival=1.000 offense=0.438 cross_diag=0.000 plateau=0
[08-24 23:09:32] [F-transfer] F4_transfer iter=51 score=0.905 transfer=1.000 dwell=1.000 threat=0.997 incoming=0.886 survival=1.000 offense=0.424 cross_diag=0.000 plateau=0
[08-24 23:11:32] [F-transfer] F4_transfer iter=53 score=0.905 transfer=1.000 dwell=1.000 threat=0.997 incoming=0.886 survival=1.000 offense=0.424 cross_diag=0.000 plateau=2
[08-24 23:13:32] [F-transfer] F4_transfer iter=55 score=0.911 transfer=1.000 dwell=1.000 threat=0.998 incoming=0.886 survival=1.000 offense=0.524 cross_diag=0.000 plateau=0
[08-24 23:17:33] [F-transfer] F4_transfer iter=57 score=0.912 transfer=1.000 dwell=1.000 threat=0.998 incoming=0.886 survival=1.000 offense=0.524 cross_diag=0.000 plateau=0
[08-24 23:19:33] [F-transfer] F4_transfer iter=59 score=0.941 transfer=1.000 dwell=1.000 threat=0.998 incoming=0.986 survival=1.000 offense=0.608 cross_diag=0.000 plateau=0
[08-24 23:23:33] [F-transfer] F4_transfer iter=61 score=0.941 transfer=1.000 dwell=1.000 threat=0.998 incoming=0.986 survival=1.000 offense=0.608 cross_diag=0.000 plateau=2
[08-24 23:25:33] [F-transfer] F4_transfer iter=63 score=0.937 transfer=1.000 dwell=1.000 threat=0.998 incoming=0.971 survival=1.000 offense=0.620 cross_diag=0.000 plateau=4
[08-24 23:29:33] [F-transfer] F4_transfer iter=65 score=0.937 transfer=1.000 dwell=1.000 threat=0.998 incoming=0.971 survival=1.000 offense=0.620 cross_diag=0.000 plateau=6
[08-24 23:31:34] [F-transfer] F4_transfer iter=67 score=0.937 transfer=1.000 dwell=1.000 threat=0.998 incoming=0.971 survival=1.000 offense=0.620 cross_diag=0.000 plateau=8
[08-24 23:33:34] [F-transfer] F4_transfer iter=68 score=0.930 transfer=1.000 dwell=1.000 threat=0.998 incoming=0.971 survival=1.000 offense=0.520 cross_diag=0.000 plateau=9
[08-24 23:35:34] [F-transfer] F4_transfer iter=69 score=0.929 transfer=1.000 dwell=1.000 threat=0.998 incoming=0.971 survival=1.000 offense=0.482 cross_diag=0.000 plateau=10
[08-24 23:39:34] [F-transfer] F4_transfer iter=72 score=0.929 transfer=1.000 dwell=1.000 threat=0.998 incoming=0.971 survival=1.000 offense=0.482 cross_diag=0.000 plateau=13
[08-24 23:45:35] [F-transfer] F4_transfer iter=76 score=0.902 transfer=1.000 dwell=1.000 threat=0.996 incoming=0.871 survival=1.000 offense=0.447 cross_diag=0.000 plateau=17
[08-24 23:51:35] [F-transfer] F4_transfer iter=80 score=0.902 transfer=1.000 dwell=1.000 threat=0.995 incoming=0.871 survival=1.000 offense=0.447 cross_diag=0.000 plateau=21
[08-24 23:57:35] [F-transfer] F4_transfer iter=84 score=0.891 transfer=1.000 dwell=1.000 threat=0.995 incoming=0.841 survival=1.000 offense=0.398 cross_diag=0.000 plateau=25
[08-25 00:01:36] [F-transfer] F4_transfer iter=88 score=0.898 transfer=1.000 dwell=1.000 threat=0.995 incoming=0.841 survival=1.000 offense=0.498 cross_diag=0.000 plateau=29
[08-25 00:04:30] [F-transfer] user-requested final shutdown; halting orchestrator and gracefully stopping F4_transfer at current iteration
